Oct  7 14:47:50 ubuntu kernel: [    0.000000] Linux version 5.15.0-48-generic (buildd@lcy02-amd64-080) (gcc (Ubuntu 11.2.0-19ubuntu1) 11.2.0, GNU ld (GNU Binutils for Ubuntu) 2.38) #54-Ubuntu SMP Fri Aug 26 13:26:29 UTC 2022 (Ubuntu 5.15.0-48.54-generic 5.15.53)
Oct  7 14:47:50 ubuntu kernel: [    0.000000] Command line: BOOT_IMAGE=/boot/vmlinuz-5.15.0-48-generic root=UUID=d2908b80-1631-4e9a-a168-f39b717d0fad ro quiet splash
Oct  7 14:47:50 ubuntu kernel: [    0.000000] KERNEL supported cpus:
Oct  7 14:47:50 ubuntu kernel: [    0.000000]   Intel GenuineIntel
Oct  7 14:47:50 ubuntu kernel: [    0.000000]   AMD AuthenticAMD
Oct  7 14:47:50 ubuntu kernel: [    0.000000]   Hygon HygonGenuine
Oct  7 14:47:50 ubuntu kernel: [    0.000000]   Centaur CentaurHauls
Oct  7 14:47:50 ubuntu kernel: [    0.000000]   zhaoxin   Shanghai  
Oct  7 14:47:50 ubuntu kernel: [    0.000000] x86/fpu: x87 FPU will use FXSAVE
Oct  7 14:47:50 ubuntu kernel: [    0.000000] signal: max sigframe size: 1440
Oct  7 14:47:50 ubuntu kernel: [    0.000000] BIOS-provided physical RAM map:
Oct  7 14:47:50 ubuntu kernel: [    0.000000] BIOS-e820: [mem 0x0000000000000000-0x000000000009fbff] usable
Oct  7 14:47:50 ubuntu kernel: [    0.000000] BIOS-e820: [mem 0x000000000009fc00-0x000000000009ffff] reserved
Oct  7 14:47:50 ubuntu kernel: [    0.000000] BIOS-e820: [mem 0x00000000000f0000-0x00000000000fffff] reserved
Oct  7 14:47:50 ubuntu kernel: [    0.000000] BIOS-e820: [mem 0x0000000000100000-0x00000000dffeffff] usable
Oct  7 14:47:50 ubuntu kernel: [    0.000000] BIOS-e820: [mem 0x00000000dfff0000-0x00000000dfffffff] ACPI data
Oct  7 14:47:50 ubuntu kernel: [    0.000000] BIOS-e820: [mem 0x00000000fec00000-0x00000000fec00fff] reserved
Oct  7 14:47:50 ubuntu kernel: [    0.000000] BIOS-e820: [mem 0x00000000fee00000-0x00000000fee00fff] reserved
Oct  7 14:47:50 ubuntu kernel: [    0.000000] BIOS-e820: [mem 0x00000000fffc0000-0x00000000ffffffff] reserved
Oct  7 14:47:50 ubuntu kernel: [    0.000000] BIOS-e820: [mem 0x0000000100000000-0x000000011fffffff] usable
Oct  7 14:47:50 ubuntu kernel: [    0.000000] NX (Execute Disable) protection: active
Oct  7 14:47:50 ubuntu kernel: [    0.000000] SMBIOS 2.5 present.
Oct  7 14:47:50 ubuntu kernel: [    0.000000] DMI: innotek GmbH VirtualBox/VirtualBox, BIOS VirtualBox 12/01/2006
Oct  7 14:47:50 ubuntu kernel: [    0.000000] Hypervisor detected: KVM
Oct  7 14:47:50 ubuntu kernel: [    0.000000] kvm-clock: Using msrs 4b564d01 and 4b564d00
Oct  7 14:47:50 ubuntu kernel: [    0.000000] kvm-clock: cpu 0, msr b2201001, primary cpu clock
Oct  7 14:47:50 ubuntu kernel: [    0.000002] kvm-clock: using sched offset of 1337706303068 cycles
Oct  7 14:47:50 ubuntu kernel: [    0.000005] clocksource: kvm-clock: mask: 0xffffffffffffffff max_cycles: 0x1cd42e4dffb, max_idle_ns: 881590591483 ns
Oct  7 14:47:50 ubuntu kernel: [    0.000008] tsc: Detected 3191.998 MHz processor
Oct  7 14:47:50 ubuntu kernel: [    0.002624] e820: update [mem 0x00000000-0x00000fff] usable ==> reserved
Oct  7 14:47:50 ubuntu kernel: [    0.002628] e820: remove [mem 0x000a0000-0x000fffff] usable
Oct  7 14:47:50 ubuntu kernel: [    0.002634] last_pfn = 0x120000 max_arch_pfn = 0x400000000
Oct  7 14:47:50 ubuntu kernel: [    0.002697] Disabled
Oct  7 14:47:50 ubuntu kernel: [    0.002698] x86/PAT: MTRRs disabled, skipping PAT initialization too.
Oct  7 14:47:50 ubuntu kernel: [    0.002703] CPU MTRRs all blank - virtualized system.
Oct  7 14:47:50 ubuntu kernel: [    0.002705] x86/PAT: Configuration [0-7]: WB  WT  UC- UC  WB  WT  UC- UC  
Oct  7 14:47:50 ubuntu kernel: [    0.002707] last_pfn = 0xdfff0 max_arch_pfn = 0x400000000
Oct  7 14:47:50 ubuntu kernel: [    0.002772] found SMP MP-table at [mem 0x0009fff0-0x0009ffff]
Oct  7 14:47:50 ubuntu kernel: [    0.002986] RAMDISK: [mem 0x3072f000-0x3438efff]
Oct  7 14:47:50 ubuntu kernel: [    0.002991] ACPI: Early table checksum verification disabled
Oct  7 14:47:50 ubuntu kernel: [    0.002995] ACPI: RSDP 0x00000000000E0000 000024 (v02 VBOX  )
Oct  7 14:47:50 ubuntu kernel: [    0.003000] ACPI: XSDT 0x00000000DFFF0030 00003C (v01 VBOX   VBOXXSDT 00000001 ASL  00000061)
Oct  7 14:47:50 ubuntu kernel: [    0.003005] ACPI: FACP 0x00000000DFFF00F0 0000F4 (v04 VBOX   VBOXFACP 00000001 ASL  00000061)
Oct  7 14:47:50 ubuntu kernel: [    0.003011] ACPI: DSDT 0x00000000DFFF0470 002325 (v02 VBOX   VBOXBIOS 00000002 INTL 20100528)
Oct  7 14:47:50 ubuntu kernel: [    0.003015] ACPI: FACS 0x00000000DFFF0200 000040
Oct  7 14:47:50 ubuntu kernel: [    0.003018] ACPI: FACS 0x00000000DFFF0200 000040
Oct  7 14:47:50 ubuntu kernel: [    0.003022] ACPI: APIC 0x00000000DFFF0240 000054 (v02 VBOX   VBOXAPIC 00000001 ASL  00000061)
Oct  7 14:47:50 ubuntu kernel: [    0.003025] ACPI: SSDT 0x00000000DFFF02A0 0001CC (v01 VBOX   VBOXCPUT 00000002 INTL 20100528)
Oct  7 14:47:50 ubuntu kernel: [    0.003028] ACPI: Reserving FACP table memory at [mem 0xdfff00f0-0xdfff01e3]
Oct  7 14:47:50 ubuntu kernel: [    0.003030] ACPI: Reserving DSDT table memory at [mem 0xdfff0470-0xdfff2794]
Oct  7 14:47:50 ubuntu kernel: [    0.003030] ACPI: Reserving FACS table memory at [mem 0xdfff0200-0xdfff023f]
Oct  7 14:47:50 ubuntu kernel: [    0.003031] ACPI: Reserving FACS table memory at [mem 0xdfff0200-0xdfff023f]
Oct  7 14:47:50 ubuntu kernel: [    0.003032] ACPI: Reserving APIC table memory at [mem 0xdfff0240-0xdfff0293]
Oct  7 14:47:50 ubuntu kernel: [    0.003033] ACPI: Reserving SSDT table memory at [mem 0xdfff02a0-0xdfff046b]
Oct  7 14:47:50 ubuntu kernel: [    0.004716] No NUMA configuration found
Oct  7 14:47:50 ubuntu kernel: [    0.004718] Faking a node at [mem 0x0000000000000000-0x000000011fffffff]
Oct  7 14:47:50 ubuntu kernel: [    0.004727] NODE_DATA(0) allocated [mem 0x11ffd2000-0x11fffbfff]
Oct  7 14:47:50 ubuntu kernel: [    0.005631] Zone ranges:
Oct  7 14:47:50 ubuntu kernel: [    0.005632]   DMA      [mem 0x0000000000001000-0x0000000000ffffff]
Oct  7 14:47:50 ubuntu kernel: [    0.005635]   DMA32    [mem 0x0000000001000000-0x00000000ffffffff]
Oct  7 14:47:50 ubuntu kernel: [    0.005636]   Normal   [mem 0x0000000100000000-0x000000011fffffff]
Oct  7 14:47:50 ubuntu kernel: [    0.005637]   Device   empty
Oct  7 14:47:50 ubuntu kernel: [    0.005638] Movable zone start for each node
Oct  7 14:47:50 ubuntu kernel: [    0.005640] Early memory node ranges
Oct  7 14:47:50 ubuntu kernel: [    0.005641]   node   0: [mem 0x0000000000001000-0x000000000009efff]
Oct  7 14:47:50 ubuntu kernel: [    0.005642]   node   0: [mem 0x0000000000100000-0x00000000dffeffff]
Oct  7 14:47:50 ubuntu kernel: [    0.005643]   node   0: [mem 0x0000000100000000-0x000000011fffffff]
Oct  7 14:47:50 ubuntu kernel: [    0.005644] Initmem setup node 0 [mem 0x0000000000001000-0x000000011fffffff]
Oct  7 14:47:50 ubuntu kernel: [    0.005693] On node 0, zone DMA: 1 pages in unavailable ranges
Oct  7 14:47:50 ubuntu kernel: [    0.006660] On node 0, zone DMA: 97 pages in unavailable ranges
Oct  7 14:47:50 ubuntu kernel: [    0.031318] On node 0, zone Normal: 16 pages in unavailable ranges
Oct  7 14:47:50 ubuntu kernel: [    0.034093] ACPI: PM-Timer IO Port: 0x4008
Oct  7 14:47:50 ubuntu kernel: [    0.034482] IOAPIC[0]: apic_id 1, version 32, address 0xfec00000, GSI 0-23
Oct  7 14:47:50 ubuntu kernel: [    0.034487] ACPI: INT_SRC_OVR (bus 0 bus_irq 0 global_irq 2 dfl dfl)
Oct  7 14:47:50 ubuntu kernel: [    0.034489] ACPI: INT_SRC_OVR (bus 0 bus_irq 9 global_irq 9 low level)
Oct  7 14:47:50 ubuntu kernel: [    0.034493] ACPI: Using ACPI (MADT) for SMP configuration information
Oct  7 14:47:50 ubuntu kernel: [    0.034534] smpboot: Allowing 1 CPUs, 0 hotplug CPUs
Oct  7 14:47:50 ubuntu kernel: [    0.034685] PM: hibernation: Registered nosave memory: [mem 0x00000000-0x00000fff]
Oct  7 14:47:50 ubuntu kernel: [    0.034687] PM: hibernation: Registered nosave memory: [mem 0x0009f000-0x0009ffff]
Oct  7 14:47:50 ubuntu kernel: [    0.034688] PM: hibernation: Registered nosave memory: [mem 0x000a0000-0x000effff]
Oct  7 14:47:50 ubuntu kernel: [    0.034689] PM: hibernation: Registered nosave memory: [mem 0x000f0000-0x000fffff]
Oct  7 14:47:50 ubuntu kernel: [    0.034690] PM: hibernation: Registered nosave memory: [mem 0xdfff0000-0xdfffffff]
Oct  7 14:47:50 ubuntu kernel: [    0.034691] PM: hibernation: Registered nosave memory: [mem 0xe0000000-0xfebfffff]
Oct  7 14:47:50 ubuntu kernel: [    0.034691] PM: hibernation: Registered nosave memory: [mem 0xfec00000-0xfec00fff]
Oct  7 14:47:50 ubuntu kernel: [    0.034692] PM: hibernation: Registered nosave memory: [mem 0xfec01000-0xfedfffff]
Oct  7 14:47:50 ubuntu kernel: [    0.034693] PM: hibernation: Registered nosave memory: [mem 0xfee00000-0xfee00fff]
Oct  7 14:47:50 ubuntu kernel: [    0.034693] PM: hibernation: Registered nosave memory: [mem 0xfee01000-0xfffbffff]
Oct  7 14:47:50 ubuntu kernel: [    0.034694] PM: hibernation: Registered nosave memory: [mem 0xfffc0000-0xffffffff]
Oct  7 14:47:50 ubuntu kernel: [    0.034695] [mem 0xe0000000-0xfebfffff] available for PCI devices
Oct  7 14:47:50 ubuntu kernel: [    0.034696] Booting paravirtualized kernel on KVM
Oct  7 14:47:50 ubuntu kernel: [    0.034698] clocksource: refined-jiffies: mask: 0xffffffff max_cycles: 0xffffffff, max_idle_ns: 7645519600211568 ns
Oct  7 14:47:50 ubuntu kernel: [    0.034704] setup_percpu: NR_CPUS:8192 nr_cpumask_bits:1 nr_cpu_ids:1 nr_node_ids:1
Oct  7 14:47:50 ubuntu kernel: [    0.035593] percpu: Embedded 60 pages/cpu s208896 r8192 d28672 u2097152
Oct  7 14:47:50 ubuntu kernel: [    0.035623] pcpu-alloc: s208896 r8192 d28672 u2097152 alloc=1*2097152
Oct  7 14:47:50 ubuntu kernel: [    0.035626] pcpu-alloc: [0] 0 
Oct  7 14:47:50 ubuntu kernel: [    0.035764] kvm-guest: PV spinlocks disabled, single CPU
Oct  7 14:47:50 ubuntu kernel: [    0.035772] Built 1 zonelists, mobility grouping on.  Total pages: 1031920
Oct  7 14:47:50 ubuntu kernel: [    0.035774] Policy zone: Normal
Oct  7 14:47:50 ubuntu kernel: [    0.035775] Kernel command line: BOOT_IMAGE=/boot/vmlinuz-5.15.0-48-generic root=UUID=d2908b80-1631-4e9a-a168-f39b717d0fad ro quiet splash
Oct  7 14:47:50 ubuntu kernel: [    0.035844] Unknown kernel command line parameters "splash BOOT_IMAGE=/boot/vmlinuz-5.15.0-48-generic", will be passed to user space.
Oct  7 14:47:50 ubuntu kernel: [    0.036147] Dentry cache hash table entries: 524288 (order: 10, 4194304 bytes, linear)
Oct  7 14:47:50 ubuntu kernel: [    0.036288] Inode-cache hash table entries: 262144 (order: 9, 2097152 bytes, linear)
Oct  7 14:47:50 ubuntu kernel: [    0.036329] mem auto-init: stack:off, heap alloc:on, heap free:off
Oct  7 14:47:50 ubuntu kernel: [    0.065373] Memory: 3947548K/4193848K available (16393K kernel code, 4377K rwdata, 10804K rodata, 3224K init, 6580K bss, 246040K reserved, 0K cma-reserved)
Oct  7 14:47:50 ubuntu kernel: [    0.065613] SLUB: HWalign=64, Order=0-3, MinObjects=0, CPUs=1, Nodes=1
Oct  7 14:47:50 ubuntu kernel: [    0.065671] Kernel/User page tables isolation: enabled
Oct  7 14:47:50 ubuntu kernel: [    0.065685] ftrace: allocating 50485 entries in 198 pages
Oct  7 14:47:50 ubuntu kernel: [    0.091094] ftrace: allocated 198 pages with 4 groups
Oct  7 14:47:50 ubuntu kernel: [    0.092358] rcu: Hierarchical RCU implementation.
Oct  7 14:47:50 ubuntu kernel: [    0.092360] rcu: 	RCU restricting CPUs from NR_CPUS=8192 to nr_cpu_ids=1.
Oct  7 14:47:50 ubuntu kernel: [    0.092362] 	Rude variant of Tasks RCU enabled.
Oct  7 14:47:50 ubuntu kernel: [    0.092362] 	Tracing variant of Tasks RCU enabled.
Oct  7 14:47:50 ubuntu kernel: [    0.092363] rcu: RCU calculated value of scheduler-enlistment delay is 25 jiffies.
Oct  7 14:47:50 ubuntu kernel: [    0.092364] rcu: Adjusting geometry for rcu_fanout_leaf=16, nr_cpu_ids=1
Oct  7 14:47:50 ubuntu kernel: [    0.097908] NR_IRQS: 524544, nr_irqs: 256, preallocated irqs: 16
Oct  7 14:47:50 ubuntu kernel: [    0.165158] Console: colour VGA+ 80x25
Oct  7 14:47:50 ubuntu kernel: [    0.165170] printk: console [tty0] enabled
Oct  7 14:47:50 ubuntu kernel: [    0.165199] ACPI: Core revision 20210730
Oct  7 14:47:50 ubuntu kernel: [    0.165490] APIC: Switch to symmetric I/O mode setup
Oct  7 14:47:50 ubuntu kernel: [    0.188215] ..TIMER: vector=0x30 apic1=0 pin1=2 apic2=-1 pin2=-1
Oct  7 14:47:50 ubuntu kernel: [    0.188757] clocksource: tsc-early: mask: 0xffffffffffffffff max_cycles: 0x2e02c314322, max_idle_ns: 440795292111 ns
Oct  7 14:47:50 ubuntu kernel: [    0.188766] Calibrating delay loop (skipped) preset value.. 6383.99 BogoMIPS (lpj=12767992)
Oct  7 14:47:50 ubuntu kernel: [    0.188768] pid_max: default: 32768 minimum: 301
Oct  7 14:47:50 ubuntu kernel: [    0.188814] LSM: Security Framework initializing
Oct  7 14:47:50 ubuntu kernel: [    0.188825] landlock: Up and running.
Oct  7 14:47:50 ubuntu kernel: [    0.188826] Yama: becoming mindful.
Oct  7 14:47:50 ubuntu kernel: [    0.188971] AppArmor: AppArmor initialized
Oct  7 14:47:50 ubuntu kernel: [    0.189017] Mount-cache hash table entries: 8192 (order: 4, 65536 bytes, linear)
Oct  7 14:47:50 ubuntu kernel: [    0.189026] Mountpoint-cache hash table entries: 8192 (order: 4, 65536 bytes, linear)
Oct  7 14:47:50 ubuntu kernel: [    0.194687] Last level iTLB entries: 4KB 128, 2MB 8, 4MB 8
Oct  7 14:47:50 ubuntu kernel: [    0.194701] Last level dTLB entries: 4KB 64, 2MB 0, 4MB 0, 1GB 4
Oct  7 14:47:50 ubuntu kernel: [    0.194706] Spectre V1 : Mitigation: usercopy/swapgs barriers and __user pointer sanitization
Oct  7 14:47:50 ubuntu kernel: [    0.194708] Spectre V2 : Mitigation: Retpolines
Oct  7 14:47:50 ubuntu kernel: [    0.194709] Spectre V2 : Spectre v2 / SpectreRSB mitigation: Filling RSB on context switch
Oct  7 14:47:50 ubuntu kernel: [    0.194709] RETBleed: WARNING: Spectre v2 mitigation leaves CPU vulnerable to RETBleed attacks, data leaks possible!
Oct  7 14:47:50 ubuntu kernel: [    0.196765] RETBleed: Vulnerable
Oct  7 14:47:50 ubuntu kernel: [    0.196766] Speculative Store Bypass: Vulnerable
Oct  7 14:47:50 ubuntu kernel: [    0.196773] MDS: Mitigation: Clear CPU buffers
Oct  7 14:47:50 ubuntu kernel: [    0.196773] MMIO Stale Data: Mitigation: Clear CPU buffers
Oct  7 14:47:50 ubuntu kernel: [    0.212762] Freeing SMP alternatives memory: 40K
Oct  7 14:47:50 ubuntu kernel: [    0.324764] APIC calibration not consistent with PM-Timer: 103ms instead of 100ms
Oct  7 14:47:50 ubuntu kernel: [    0.324767] APIC delta adjusted to PM-Timer: 6310861 (6500370)
Oct  7 14:47:50 ubuntu kernel: [    0.325219] smpboot: CPU0: Intel(R) Core(TM) i5-6500 CPU @ 3.20GHz (family: 0x6, model: 0x5e, stepping: 0x3)
Oct  7 14:47:50 ubuntu kernel: [    0.326028] Performance Events: unsupported p6 CPU model 94 no PMU driver, software events only.
Oct  7 14:47:50 ubuntu kernel: [    0.326091] rcu: Hierarchical SRCU implementation.
Oct  7 14:47:50 ubuntu kernel: [    0.326861] NMI watchdog: Perf NMI watchdog permanently disabled
Oct  7 14:47:50 ubuntu kernel: [    0.327043] smp: Bringing up secondary CPUs ...
Oct  7 14:47:50 ubuntu kernel: [    0.327044] smp: Brought up 1 node, 1 CPU
Oct  7 14:47:50 ubuntu kernel: [    0.327045] smpboot: Max logical packages: 1
Oct  7 14:47:50 ubuntu kernel: [    0.327046] smpboot: Total of 1 processors activated (6383.99 BogoMIPS)
Oct  7 14:47:50 ubuntu kernel: [    0.327406] devtmpfs: initialized
Oct  7 14:47:50 ubuntu kernel: [    0.327445] x86/mm: Memory block size: 128MB
Oct  7 14:47:50 ubuntu kernel: [    0.328238] clocksource: jiffies: mask: 0xffffffff max_cycles: 0xffffffff, max_idle_ns: 7645041785100000 ns
Oct  7 14:47:50 ubuntu kernel: [    0.328243] futex hash table entries: 256 (order: 2, 16384 bytes, linear)
Oct  7 14:47:50 ubuntu kernel: [    0.328289] pinctrl core: initialized pinctrl subsystem
Oct  7 14:47:50 ubuntu kernel: [    0.328766] PM: RTC time: 13:47:28, date: 2022-10-07
Oct  7 14:47:50 ubuntu kernel: [    0.329064] NET: Registered PF_NETLINK/PF_ROUTE protocol family
Oct  7 14:47:50 ubuntu kernel: [    0.331036] DMA: preallocated 512 KiB GFP_KERNEL pool for atomic allocations
Oct  7 14:47:50 ubuntu kernel: [    0.331069] DMA: preallocated 512 KiB GFP_KERNEL|GFP_DMA pool for atomic allocations
Oct  7 14:47:50 ubuntu kernel: [    0.331101] DMA: preallocated 512 KiB GFP_KERNEL|GFP_DMA32 pool for atomic allocations
Oct  7 14:47:50 ubuntu kernel: [    0.331107] audit: initializing netlink subsys (disabled)
Oct  7 14:47:50 ubuntu kernel: [    0.331474] thermal_sys: Registered thermal governor 'fair_share'
Oct  7 14:47:50 ubuntu kernel: [    0.331475] thermal_sys: Registered thermal governor 'bang_bang'
Oct  7 14:47:50 ubuntu kernel: [    0.331476] thermal_sys: Registered thermal governor 'step_wise'
Oct  7 14:47:50 ubuntu kernel: [    0.331476] thermal_sys: Registered thermal governor 'user_space'
Oct  7 14:47:50 ubuntu kernel: [    0.331477] thermal_sys: Registered thermal governor 'power_allocator'
Oct  7 14:47:50 ubuntu kernel: [    0.331494] EISA bus registered
Oct  7 14:47:50 ubuntu kernel: [    0.331495] cpuidle: using governor ladder
Oct  7 14:47:50 ubuntu kernel: [    0.331496] cpuidle: using governor menu
Oct  7 14:47:50 ubuntu kernel: [    0.331571] ACPI: bus type PCI registered
Oct  7 14:47:50 ubuntu kernel: [    0.331573] acpiphp: ACPI Hot Plug PCI Controller Driver version: 0.5
Oct  7 14:47:50 ubuntu kernel: [    0.331984] PCI: Using configuration type 1 for base access
Oct  7 14:47:50 ubuntu kernel: [    0.332762] Kprobes globally optimized
Oct  7 14:47:50 ubuntu kernel: [    0.332762] audit: type=2000 audit(1665151788.722:1): state=initialized audit_enabled=0 res=1
Oct  7 14:47:50 ubuntu kernel: [    0.332762] HugeTLB registered 2.00 MiB page size, pre-allocated 0 pages
Oct  7 14:47:50 ubuntu kernel: [    0.332762] ACPI: Added _OSI(Module Device)
Oct  7 14:47:50 ubuntu kernel: [    0.332762] ACPI: Added _OSI(Processor Device)
Oct  7 14:47:50 ubuntu kernel: [    0.332762] ACPI: Added _OSI(3.0 _SCP Extensions)
Oct  7 14:47:50 ubuntu kernel: [    0.332762] ACPI: Added _OSI(Processor Aggregator Device)
Oct  7 14:47:50 ubuntu kernel: [    0.332762] ACPI: Added _OSI(Linux-Dell-Video)
Oct  7 14:47:50 ubuntu kernel: [    0.332762] ACPI: Added _OSI(Linux-Lenovo-NV-HDMI-Audio)
Oct  7 14:47:50 ubuntu kernel: [    0.332762] ACPI: Added _OSI(Linux-HPI-Hybrid-Graphics)
Oct  7 14:47:50 ubuntu kernel: [    0.333437] ACPI: 2 ACPI AML tables successfully acquired and loaded
Oct  7 14:47:50 ubuntu kernel: [    0.338587] ACPI: Interpreter enabled
Oct  7 14:47:50 ubuntu kernel: [    0.338595] ACPI: PM: (supports S0 S5)
Oct  7 14:47:50 ubuntu kernel: [    0.338597] ACPI: Using IOAPIC for interrupt routing
Oct  7 14:47:50 ubuntu kernel: [    0.339060] PCI: Using host bridge windows from ACPI; if necessary, use "pci=nocrs" and report a bug
Oct  7 14:47:50 ubuntu kernel: [    0.339061] PCI: Using E820 reservations for host bridge windows
Oct  7 14:47:50 ubuntu kernel: [    0.339247] ACPI: Enabled 2 GPEs in block 00 to 07
Oct  7 14:47:50 ubuntu kernel: [    0.350820] ACPI: PCI Root Bridge [PCI0] (domain 0000 [bus 00-ff])
Oct  7 14:47:50 ubuntu kernel: [    0.350826] acpi PNP0A03:00: _OSC: OS supports [ASPM ClockPM Segments MSI EDR HPX-Type3]
Oct  7 14:47:50 ubuntu kernel: [    0.351816] acpi PNP0A03:00: _OSC: not requesting OS control; OS requires [ExtendedConfig ASPM ClockPM MSI]
Oct  7 14:47:50 ubuntu kernel: [    0.351824] acpi PNP0A03:00: fail to add MMCONFIG information, can't access extended PCI configuration space under this bridge.
Oct  7 14:47:50 ubuntu kernel: [    0.353237] PCI host bridge to bus 0000:00
Oct  7 14:47:50 ubuntu kernel: [    0.353239] pci_bus 0000:00: root bus resource [bus 00-ff]
Oct  7 14:47:50 ubuntu kernel: [    0.353241] pci_bus 0000:00: root bus resource [io  0x0000-0x0cf7 window]
Oct  7 14:47:50 ubuntu kernel: [    0.353242] pci_bus 0000:00: root bus resource [io  0x0d00-0xffff window]
Oct  7 14:47:50 ubuntu kernel: [    0.353244] pci_bus 0000:00: root bus resource [mem 0x000a0000-0x000bffff window]
Oct  7 14:47:50 ubuntu kernel: [    0.353245] pci_bus 0000:00: root bus resource [mem 0xe0000000-0xfdffffff window]
Oct  7 14:47:50 ubuntu kernel: [    0.354298] pci 0000:00:00.0: [8086:1237] type 00 class 0x060000
Oct  7 14:47:50 ubuntu kernel: [    0.363184] pci 0000:00:01.0: [8086:7000] type 00 class 0x060100
Oct  7 14:47:50 ubuntu kernel: [    0.366759] pci 0000:00:01.1: [8086:7111] type 00 class 0x01018a
Oct  7 14:47:50 ubuntu kernel: [    0.368884] pci 0000:00:01.1: reg 0x20: [io  0xd000-0xd00f]
Oct  7 14:47:50 ubuntu kernel: [    0.369552] pci 0000:00:01.1: legacy IDE quirk: reg 0x10: [io  0x01f0-0x01f7]
Oct  7 14:47:50 ubuntu kernel: [    0.369554] pci 0000:00:01.1: legacy IDE quirk: reg 0x14: [io  0x03f6]
Oct  7 14:47:50 ubuntu kernel: [    0.369555] pci 0000:00:01.1: legacy IDE quirk: reg 0x18: [io  0x0170-0x0177]
Oct  7 14:47:50 ubuntu kernel: [    0.369556] pci 0000:00:01.1: legacy IDE quirk: reg 0x1c: [io  0x0376]
Oct  7 14:47:50 ubuntu kernel: [    0.377053] pci 0000:00:02.0: [15ad:0405] type 00 class 0x030000
Oct  7 14:47:50 ubuntu kernel: [    0.378858] pci 0000:00:02.0: reg 0x10: [io  0xd010-0xd01f]
Oct  7 14:47:50 ubuntu kernel: [    0.380081] pci 0000:00:02.0: reg 0x14: [mem 0xe0000000-0xe0ffffff pref]
Oct  7 14:47:50 ubuntu kernel: [    0.381174] pci 0000:00:02.0: reg 0x18: [mem 0xf0000000-0xf01fffff]
Oct  7 14:47:50 ubuntu kernel: [    0.385404] pci 0000:00:02.0: Video device with shadowed ROM at [mem 0x000c0000-0x000dffff]
Oct  7 14:47:50 ubuntu kernel: [    0.392957] pci 0000:00:03.0: [8086:100e] type 00 class 0x020000
Oct  7 14:47:50 ubuntu kernel: [    0.393523] pci 0000:00:03.0: reg 0x10: [mem 0xf0200000-0xf021ffff]
Oct  7 14:47:50 ubuntu kernel: [    0.394183] pci 0000:00:03.0: reg 0x18: [io  0xd020-0xd027]
Oct  7 14:47:50 ubuntu kernel: [    0.402854] pci 0000:00:04.0: [80ee:cafe] type 00 class 0x088000
Oct  7 14:47:50 ubuntu kernel: [    0.403713] pci 0000:00:04.0: reg 0x10: [io  0xd040-0xd05f]
Oct  7 14:47:50 ubuntu kernel: [    0.404248] pci 0000:00:04.0: reg 0x14: [mem 0xf0400000-0xf07fffff]
Oct  7 14:47:50 ubuntu kernel: [    0.405045] pci 0000:00:04.0: reg 0x18: [mem 0xf0800000-0xf0803fff pref]
Oct  7 14:47:50 ubuntu kernel: [    0.413817] pci 0000:00:05.0: [8086:2415] type 00 class 0x040100
Oct  7 14:47:50 ubuntu kernel: [    0.414366] pci 0000:00:05.0: reg 0x10: [io  0xd100-0xd1ff]
Oct  7 14:47:50 ubuntu kernel: [    0.414641] pci 0000:00:05.0: reg 0x14: [io  0xd200-0xd23f]
Oct  7 14:47:50 ubuntu kernel: [    0.422534] pci 0000:00:06.0: [106b:003f] type 00 class 0x0c0310
Oct  7 14:47:50 ubuntu kernel: [    0.423105] pci 0000:00:06.0: reg 0x10: [mem 0xf0804000-0xf0804fff]
Oct  7 14:47:50 ubuntu kernel: [    0.432367] pci 0000:00:07.0: [8086:7113] type 00 class 0x068000
Oct  7 14:47:50 ubuntu kernel: [    0.434429] pci 0000:00:07.0: quirk: [io  0x4000-0x403f] claimed by PIIX4 ACPI
Oct  7 14:47:50 ubuntu kernel: [    0.434471] pci 0000:00:07.0: quirk: [io  0x4100-0x410f] claimed by PIIX4 SMB
Oct  7 14:47:50 ubuntu kernel: [    0.469173] pci 0000:00:0d.0: [8086:2829] type 00 class 0x010601
Oct  7 14:47:50 ubuntu kernel: [    0.469780] pci 0000:00:0d.0: reg 0x10: [io  0xd240-0xd247]
Oct  7 14:47:50 ubuntu kernel: [    0.470090] pci 0000:00:0d.0: reg 0x14: [io  0xd248-0xd24b]
Oct  7 14:47:50 ubuntu kernel: [    0.470378] pci 0000:00:0d.0: reg 0x18: [io  0xd250-0xd257]
Oct  7 14:47:50 ubuntu kernel: [    0.470752] pci 0000:00:0d.0: reg 0x1c: [io  0xd258-0xd25b]
Oct  7 14:47:50 ubuntu kernel: [    0.471107] pci 0000:00:0d.0: reg 0x20: [io  0xd260-0xd26f]
Oct  7 14:47:50 ubuntu kernel: [    0.471394] pci 0000:00:0d.0: reg 0x24: [mem 0xf0806000-0xf0807fff]
Oct  7 14:47:50 ubuntu kernel: [    0.582079] ACPI: PCI: Interrupt link LNKA configured for IRQ 11
Oct  7 14:47:50 ubuntu kernel: [    0.582839] ACPI: PCI: Interrupt link LNKB configured for IRQ 10
Oct  7 14:47:50 ubuntu kernel: [    0.583137] ACPI: PCI: Interrupt link LNKC configured for IRQ 9
Oct  7 14:47:50 ubuntu kernel: [    0.583365] ACPI: PCI: Interrupt link LNKD configured for IRQ 11
Oct  7 14:47:50 ubuntu kernel: [    0.583705] iommu: Default domain type: Translated 
Oct  7 14:47:50 ubuntu kernel: [    0.583707] iommu: DMA domain TLB invalidation policy: lazy mode 
Oct  7 14:47:50 ubuntu kernel: [    0.583981] SCSI subsystem initialized
Oct  7 14:47:50 ubuntu kernel: [    0.584026] libata version 3.00 loaded.
Oct  7 14:47:50 ubuntu kernel: [    0.584111] pci 0000:00:02.0: vgaarb: setting as boot VGA device
Oct  7 14:47:50 ubuntu kernel: [    0.584113] pci 0000:00:02.0: vgaarb: VGA device added: decodes=io+mem,owns=io+mem,locks=none
Oct  7 14:47:50 ubuntu kernel: [    0.584116] pci 0000:00:02.0: vgaarb: bridge control possible
Oct  7 14:47:50 ubuntu kernel: [    0.584117] vgaarb: loaded
Oct  7 14:47:50 ubuntu kernel: [    0.584153] ACPI: bus type USB registered
Oct  7 14:47:50 ubuntu kernel: [    0.584183] usbcore: registered new interface driver usbfs
Oct  7 14:47:50 ubuntu kernel: [    0.584190] usbcore: registered new interface driver hub
Oct  7 14:47:50 ubuntu kernel: [    0.584193] usbcore: registered new device driver usb
Oct  7 14:47:50 ubuntu kernel: [    0.584226] pps_core: LinuxPPS API ver. 1 registered
Oct  7 14:47:50 ubuntu kernel: [    0.584227] pps_core: Software ver. 5.3.6 - Copyright 2005-2007 Rodolfo Giometti <giometti@linux.it>
Oct  7 14:47:50 ubuntu kernel: [    0.584229] PTP clock support registered
Oct  7 14:47:50 ubuntu kernel: [    0.584322] EDAC MC: Ver: 3.0.0
Oct  7 14:47:50 ubuntu kernel: [    0.586031] NetLabel: Initializing
Oct  7 14:47:50 ubuntu kernel: [    0.586032] NetLabel:  domain hash size = 128
Oct  7 14:47:50 ubuntu kernel: [    0.586033] NetLabel:  protocols = UNLABELED CIPSOv4 CALIPSO
Oct  7 14:47:50 ubuntu kernel: [    0.586050] NetLabel:  unlabeled traffic allowed by default
Oct  7 14:47:50 ubuntu kernel: [    0.586093] PCI: Using ACPI for IRQ routing
Oct  7 14:47:50 ubuntu kernel: [    0.586095] PCI: pci_cache_line_size set to 64 bytes
Oct  7 14:47:50 ubuntu kernel: [    0.587013] e820: reserve RAM buffer [mem 0x0009fc00-0x0009ffff]
Oct  7 14:47:50 ubuntu kernel: [    0.587015] e820: reserve RAM buffer [mem 0xdfff0000-0xdfffffff]
Oct  7 14:47:50 ubuntu kernel: [    0.588394] clocksource: Switched to clocksource kvm-clock
Oct  7 14:47:50 ubuntu kernel: [    0.632919] VFS: Disk quotas dquot_6.6.0
Oct  7 14:47:50 ubuntu kernel: [    0.632919] VFS: Dquot-cache hash table entries: 512 (order 0, 4096 bytes)
Oct  7 14:47:50 ubuntu kernel: [    0.632919] AppArmor: AppArmor Filesystem Enabled
Oct  7 14:47:50 ubuntu kernel: [    0.632919] pnp: PnP ACPI init
Oct  7 14:47:50 ubuntu kernel: [    0.646351] pnp: PnP ACPI: found 2 devices
Oct  7 14:47:50 ubuntu kernel: [    0.653446] clocksource: acpi_pm: mask: 0xffffff max_cycles: 0xffffff, max_idle_ns: 2085701024 ns
Oct  7 14:47:50 ubuntu kernel: [    0.653508] NET: Registered PF_INET protocol family
Oct  7 14:47:50 ubuntu kernel: [    0.655386] IP idents hash table entries: 65536 (order: 7, 524288 bytes, linear)
Oct  7 14:47:50 ubuntu kernel: [    0.669484] tcp_listen_portaddr_hash hash table entries: 2048 (order: 3, 32768 bytes, linear)
Oct  7 14:47:50 ubuntu kernel: [    0.669484] Table-perturb hash table entries: 65536 (order: 6, 262144 bytes, linear)
Oct  7 14:47:50 ubuntu kernel: [    0.669484] TCP established hash table entries: 32768 (order: 6, 262144 bytes, linear)
Oct  7 14:47:50 ubuntu kernel: [    0.669484] TCP bind hash table entries: 32768 (order: 7, 524288 bytes, linear)
Oct  7 14:47:50 ubuntu kernel: [    0.669484] TCP: Hash tables configured (established 32768 bind 32768)
Oct  7 14:47:50 ubuntu kernel: [    0.669484] MPTCP token hash table entries: 4096 (order: 4, 98304 bytes, linear)
Oct  7 14:47:50 ubuntu kernel: [    0.677031] UDP hash table entries: 2048 (order: 4, 65536 bytes, linear)
Oct  7 14:47:50 ubuntu kernel: [    0.677283] UDP-Lite hash table entries: 2048 (order: 4, 65536 bytes, linear)
Oct  7 14:47:50 ubuntu kernel: [    0.677330] NET: Registered PF_UNIX/PF_LOCAL protocol family
Oct  7 14:47:50 ubuntu kernel: [    0.677334] NET: Registered PF_XDP protocol family
Oct  7 14:47:50 ubuntu kernel: [    0.677346] pci_bus 0000:00: resource 4 [io  0x0000-0x0cf7 window]
Oct  7 14:47:50 ubuntu kernel: [    0.677348] pci_bus 0000:00: resource 5 [io  0x0d00-0xffff window]
Oct  7 14:47:50 ubuntu kernel: [    0.677350] pci_bus 0000:00: resource 6 [mem 0x000a0000-0x000bffff window]
Oct  7 14:47:50 ubuntu kernel: [    0.677351] pci_bus 0000:00: resource 7 [mem 0xe0000000-0xfdffffff window]
Oct  7 14:47:50 ubuntu kernel: [    0.677465] pci 0000:00:00.0: Limiting direct PCI/PCI transfers
Oct  7 14:47:50 ubuntu kernel: [    0.677509] pci 0000:00:01.0: Activating ISA DMA hang workarounds
Oct  7 14:47:50 ubuntu kernel: [    0.682111] PCI: CLS 0 bytes, default 64
Oct  7 14:47:50 ubuntu kernel: [    0.682152] Trying to unpack rootfs image as initramfs...
Oct  7 14:47:50 ubuntu kernel: [    0.687027] PCI-DMA: Using software bounce buffering for IO (SWIOTLB)
Oct  7 14:47:50 ubuntu kernel: [    0.687030] software IO TLB: mapped [mem 0x00000000dbff0000-0x00000000dfff0000] (64MB)
Oct  7 14:47:50 ubuntu kernel: [    0.687147] clocksource: tsc: mask: 0xffffffffffffffff max_cycles: 0x2e02c314322, max_idle_ns: 440795292111 ns
Oct  7 14:47:50 ubuntu kernel: [    0.687171] clocksource: Switched to clocksource tsc
Oct  7 14:47:50 ubuntu kernel: [    0.687207] platform rtc_cmos: registered platform RTC device (no PNP device found)
Oct  7 14:47:50 ubuntu kernel: [    0.687730] Initialise system trusted keyrings
Oct  7 14:47:50 ubuntu kernel: [    0.687740] Key type blacklist registered
Oct  7 14:47:50 ubuntu kernel: [    0.697567] workingset: timestamp_bits=36 max_order=20 bucket_order=0
Oct  7 14:47:50 ubuntu kernel: [    0.699688] zbud: loaded
Oct  7 14:47:50 ubuntu kernel: [    0.700013] squashfs: version 4.0 (2009/01/31) Phillip Lougher
Oct  7 14:47:50 ubuntu kernel: [    0.700200] fuse: init (API version 7.34)
Oct  7 14:47:50 ubuntu kernel: [    0.700379] integrity: Platform Keyring initialized
Oct  7 14:47:50 ubuntu kernel: [    0.701470] Key type asymmetric registered
Oct  7 14:47:50 ubuntu kernel: [    0.701470] Asymmetric key parser 'x509' registered
Oct  7 14:47:50 ubuntu kernel: [    0.701470] Block layer SCSI generic (bsg) driver version 0.4 loaded (major 243)
Oct  7 14:47:50 ubuntu kernel: [    0.701470] io scheduler mq-deadline registered
Oct  7 14:47:50 ubuntu kernel: [    0.701470] shpchp: Standard Hot Plug PCI Controller Driver version: 0.4
Oct  7 14:47:50 ubuntu kernel: [    0.721134] ACPI: AC: AC Adapter [AC] (on-line)
Oct  7 14:47:50 ubuntu kernel: [    0.721182] input: Power Button as /devices/LNXSYSTM:00/LNXPWRBN:00/input/input0
Oct  7 14:47:50 ubuntu kernel: [    0.721205] ACPI: button: Power Button [PWRF]
Oct  7 14:47:50 ubuntu kernel: [    0.721322] input: Sleep Button as /devices/LNXSYSTM:00/LNXSLPBN:00/input/input1
Oct  7 14:47:50 ubuntu kernel: [    0.721337] ACPI: button: Sleep Button [SLPF]
Oct  7 14:47:50 ubuntu kernel: [    0.721677] Serial: 8250/16550 driver, 32 ports, IRQ sharing enabled
Oct  7 14:47:50 ubuntu kernel: [    0.723463] Linux agpgart interface v0.103
Oct  7 14:47:50 ubuntu kernel: [    0.724854] loop: module loaded
Oct  7 14:47:50 ubuntu kernel: [    0.724854] ata_piix 0000:00:01.1: version 2.13
Oct  7 14:47:50 ubuntu kernel: [    0.727735] scsi host0: ata_piix
Oct  7 14:47:50 ubuntu kernel: [    0.730053] scsi host1: ata_piix
Oct  7 14:47:50 ubuntu kernel: [    0.730128] ata1: PATA max UDMA/33 cmd 0x1f0 ctl 0x3f6 bmdma 0xd000 irq 14
Oct  7 14:47:50 ubuntu kernel: [    0.730130] ata2: PATA max UDMA/33 cmd 0x170 ctl 0x376 bmdma 0xd008 irq 15
Oct  7 14:47:50 ubuntu kernel: [    0.730276] tun: Universal TUN/TAP device driver, 1.6
Oct  7 14:47:50 ubuntu kernel: [    0.731650] PPP generic driver version 2.4.2
Oct  7 14:47:50 ubuntu kernel: [    0.731694] VFIO - User Level meta-driver version: 0.3
Oct  7 14:47:50 ubuntu kernel: [    0.733709] ehci_hcd: USB 2.0 'Enhanced' Host Controller (EHCI) Driver
Oct  7 14:47:50 ubuntu kernel: [    0.733714] ehci-pci: EHCI PCI platform driver
Oct  7 14:47:50 ubuntu kernel: [    0.733719] ehci-platform: EHCI generic platform driver
Oct  7 14:47:50 ubuntu kernel: [    0.733723] ohci_hcd: USB 1.1 'Open' Host Controller (OHCI) Driver
Oct  7 14:47:50 ubuntu kernel: [    0.733775] ohci-pci: OHCI PCI platform driver
Oct  7 14:47:50 ubuntu kernel: [    0.735047] ohci-pci 0000:00:06.0: OHCI PCI host controller
Oct  7 14:47:50 ubuntu kernel: [    0.735053] ohci-pci 0000:00:06.0: new USB bus registered, assigned bus number 1
Oct  7 14:47:50 ubuntu kernel: [    0.735684] ohci-pci 0000:00:06.0: irq 22, io mem 0xf0804000
Oct  7 14:47:50 ubuntu kernel: [    0.797943] usb usb1: New USB device found, idVendor=1d6b, idProduct=0001, bcdDevice= 5.15
Oct  7 14:47:50 ubuntu kernel: [    0.797947] usb usb1: New USB device strings: Mfr=3, Product=2, SerialNumber=1
Oct  7 14:47:50 ubuntu kernel: [    0.797949] usb usb1: Product: OHCI PCI host controller
Oct  7 14:47:50 ubuntu kernel: [    0.797950] usb usb1: Manufacturer: Linux 5.15.0-48-generic ohci_hcd
Oct  7 14:47:50 ubuntu kernel: [    0.797951] usb usb1: SerialNumber: 0000:00:06.0
Oct  7 14:47:50 ubuntu kernel: [    0.798089] hub 1-0:1.0: USB hub found
Oct  7 14:47:50 ubuntu kernel: [    0.798170] hub 1-0:1.0: 12 ports detected
Oct  7 14:47:50 ubuntu kernel: [    0.806080] ohci-platform: OHCI generic platform driver
Oct  7 14:47:50 ubuntu kernel: [    0.806092] uhci_hcd: USB Universal Host Controller Interface driver
Oct  7 14:47:50 ubuntu kernel: [    0.806132] i8042: PNP: PS/2 Controller [PNP0303:PS2K,PNP0f03:PS2M] at 0x60,0x64 irq 1,12
Oct  7 14:47:50 ubuntu kernel: [    0.810812] serio: i8042 KBD port at 0x60,0x64 irq 1
Oct  7 14:47:50 ubuntu kernel: [    0.810818] serio: i8042 AUX port at 0x60,0x64 irq 12
Oct  7 14:47:50 ubuntu kernel: [    0.810905] mousedev: PS/2 mouse device common for all mice
Oct  7 14:47:50 ubuntu kernel: [    0.812792] input: AT Translated Set 2 keyboard as /devices/platform/i8042/serio0/input/input2
Oct  7 14:47:50 ubuntu kernel: [    0.826495] rtc_cmos rtc_cmos: registered as rtc0
Oct  7 14:47:50 ubuntu kernel: [    0.827115] rtc_cmos rtc_cmos: setting system clock to 2022-10-07T13:47:28 UTC (1665150448)
Oct  7 14:47:50 ubuntu kernel: [    0.827191] rtc_cmos rtc_cmos: alarms up to one day, 114 bytes nvram
Oct  7 14:47:50 ubuntu kernel: [    0.827199] i2c_dev: i2c /dev entries driver
Oct  7 14:47:50 ubuntu kernel: [    0.827217] device-mapper: core: CONFIG_IMA_DISABLE_HTABLE is disabled. Duplicate IMA measurements will not be recorded in the IMA log.
Oct  7 14:47:50 ubuntu kernel: [    0.827264] device-mapper: uevent: version 1.0.3
Oct  7 14:47:50 ubuntu kernel: [    0.827363] device-mapper: ioctl: 4.45.0-ioctl (2021-03-22) initialised: dm-devel@redhat.com
Oct  7 14:47:50 ubuntu kernel: [    0.827394] platform eisa.0: Probing EISA bus 0
Oct  7 14:47:50 ubuntu kernel: [    0.827396] platform eisa.0: EISA: Cannot allocate resource for mainboard
Oct  7 14:47:50 ubuntu kernel: [    0.827398] platform eisa.0: Cannot allocate resource for EISA slot 1
Oct  7 14:47:50 ubuntu kernel: [    0.827399] platform eisa.0: Cannot allocate resource for EISA slot 2
Oct  7 14:47:50 ubuntu kernel: [    0.827400] platform eisa.0: Cannot allocate resource for EISA slot 3
Oct  7 14:47:50 ubuntu kernel: [    0.827400] platform eisa.0: Cannot allocate resource for EISA slot 4
Oct  7 14:47:50 ubuntu kernel: [    0.827401] platform eisa.0: Cannot allocate resource for EISA slot 5
Oct  7 14:47:50 ubuntu kernel: [    0.827402] platform eisa.0: Cannot allocate resource for EISA slot 6
Oct  7 14:47:50 ubuntu kernel: [    0.827415] platform eisa.0: Cannot allocate resource for EISA slot 7
Oct  7 14:47:50 ubuntu kernel: [    0.827416] platform eisa.0: Cannot allocate resource for EISA slot 8
Oct  7 14:47:50 ubuntu kernel: [    0.827417] platform eisa.0: EISA: Detected 0 cards
Oct  7 14:47:50 ubuntu kernel: [    0.827419] intel_pstate: CPU model not supported
Oct  7 14:47:50 ubuntu kernel: [    0.827426] ledtrig-cpu: registered to indicate activity on CPUs
Oct  7 14:47:50 ubuntu kernel: [    0.827563] intel_pmc_core intel_pmc_core.0:  initialized
Oct  7 14:47:50 ubuntu kernel: [    0.827651] drop_monitor: Initializing network drop monitor service
Oct  7 14:47:50 ubuntu kernel: [    0.827885] NET: Registered PF_INET6 protocol family
Oct  7 14:47:50 ubuntu kernel: [    0.928110] ata2.00: ATAPI: VBOX CD-ROM, 1.0, max UDMA/133
Oct  7 14:47:50 ubuntu kernel: [    0.932095] scsi 1:0:0:0: CD-ROM            VBOX     CD-ROM           1.0  PQ: 0 ANSI: 5
Oct  7 14:47:50 ubuntu kernel: [    0.959235] sr 1:0:0:0: [sr0] scsi3-mmc drive: 32x/32x xa/form2 tray
Oct  7 14:47:50 ubuntu kernel: [    0.959239] cdrom: Uniform CD-ROM driver Revision: 3.20
Oct  7 14:47:50 ubuntu kernel: [    0.990918] sr 1:0:0:0: Attached scsi CD-ROM sr0
Oct  7 14:47:50 ubuntu kernel: [    0.991629] sr 1:0:0:0: Attached scsi generic sg0 type 5
Oct  7 14:47:50 ubuntu kernel: [    1.036780] Freeing initrd memory: 61824K
Oct  7 14:47:50 ubuntu kernel: [    1.282062] Segment Routing with IPv6
Oct  7 14:47:50 ubuntu kernel: [    1.282124] In-situ OAM (IOAM) with IPv6
Oct  7 14:47:50 ubuntu kernel: [    1.282174] NET: Registered PF_PACKET protocol family
Oct  7 14:47:50 ubuntu kernel: [    1.282230] Key type dns_resolver registered
Oct  7 14:47:50 ubuntu kernel: [    1.291938] IPI shorthand broadcast: enabled
Oct  7 14:47:50 ubuntu kernel: [    1.291991] sched_clock: Marking stable (1209117166, 82411411)->(1301807958, -10279381)
Oct  7 14:47:50 ubuntu kernel: [    1.292121] registered taskstats version 1
Oct  7 14:47:50 ubuntu kernel: [    1.292139] Loading compiled-in X.509 certificates
Oct  7 14:47:50 ubuntu kernel: [    1.292598] Loaded X.509 cert 'Build time autogenerated kernel key: 812a45ce66042b92679f0afa96ba2ce919aefad9'
Oct  7 14:47:50 ubuntu kernel: [    1.293084] Loaded X.509 cert 'Canonical Ltd. Live Patch Signing: 14df34d1a87cf37625abec039ef2bf521249b969'
Oct  7 14:47:50 ubuntu kernel: [    1.293489] Loaded X.509 cert 'Canonical Ltd. Kernel Module Signing: 88f752e560a1e0737e31163a466ad7b70a850c19'
Oct  7 14:47:50 ubuntu kernel: [    1.293490] blacklist: Loading compiled-in revocation X.509 certificates
Oct  7 14:47:50 ubuntu kernel: [    1.293504] Loaded X.509 cert 'Canonical Ltd. Secure Boot Signing: 61482aa2830d0ab2ad5af10b7250da9033ddcef0'
Oct  7 14:47:50 ubuntu kernel: [    1.293556] zswap: loaded using pool lzo/zbud
Oct  7 14:47:50 ubuntu kernel: [    1.293724] Key type ._fscrypt registered
Oct  7 14:47:50 ubuntu kernel: [    1.293726] Key type .fscrypt registered
Oct  7 14:47:50 ubuntu kernel: [    1.293726] Key type fscrypt-provisioning registered
Oct  7 14:47:50 ubuntu kernel: [    1.301358] Key type encrypted registered
Oct  7 14:47:50 ubuntu kernel: [    1.301362] AppArmor: AppArmor sha1 policy hashing enabled
Oct  7 14:47:50 ubuntu kernel: [    1.301368] ima: No TPM chip found, activating TPM-bypass!
Oct  7 14:47:50 ubuntu kernel: [    1.301372] Loading compiled-in module X.509 certificates
Oct  7 14:47:50 ubuntu kernel: [    1.301898] Loaded X.509 cert 'Build time autogenerated kernel key: 812a45ce66042b92679f0afa96ba2ce919aefad9'
Oct  7 14:47:50 ubuntu kernel: [    1.301901] ima: Allocated hash algorithm: sha1
Oct  7 14:47:50 ubuntu kernel: [    1.301906] ima: No architecture policies found
Oct  7 14:47:50 ubuntu kernel: [    1.301913] evm: Initialising EVM extended attributes:
Oct  7 14:47:50 ubuntu kernel: [    1.301914] evm: security.selinux
Oct  7 14:47:50 ubuntu kernel: [    1.301914] evm: security.SMACK64
Oct  7 14:47:50 ubuntu kernel: [    1.301915] evm: security.SMACK64EXEC
Oct  7 14:47:50 ubuntu kernel: [    1.301916] evm: security.SMACK64TRANSMUTE
Oct  7 14:47:50 ubuntu kernel: [    1.301916] evm: security.SMACK64MMAP
Oct  7 14:47:50 ubuntu kernel: [    1.301917] evm: security.apparmor
Oct  7 14:47:50 ubuntu kernel: [    1.301917] evm: security.ima
Oct  7 14:47:50 ubuntu kernel: [    1.301917] evm: security.capability
Oct  7 14:47:50 ubuntu kernel: [    1.301918] evm: HMAC attrs: 0x1
Oct  7 14:47:50 ubuntu kernel: [    1.302229] PM:   Magic number: 10:165:786
Oct  7 14:47:50 ubuntu kernel: [    1.302395] RAS: Correctable Errors collector initialized.
Oct  7 14:47:50 ubuntu kernel: [    1.303593] Freeing unused decrypted memory: 2036K
Oct  7 14:47:50 ubuntu kernel: [    1.303979] Freeing unused kernel image (initmem) memory: 3224K
Oct  7 14:47:50 ubuntu kernel: [    1.312966] Write protecting the kernel read-only data: 30720k
Oct  7 14:47:50 ubuntu kernel: [    1.313212] Freeing unused kernel image (text/rodata gap) memory: 2036K
Oct  7 14:47:50 ubuntu kernel: [    1.313404] Freeing unused kernel image (rodata/data gap) memory: 1484K
Oct  7 14:47:50 ubuntu kernel: [    1.362501] x86/mm: Checked W+X mappings: passed, no W+X pages found.
Oct  7 14:47:50 ubuntu kernel: [    1.362505] x86/mm: Checking user space page tables
Oct  7 14:47:50 ubuntu kernel: [    1.415725] x86/mm: Checked W+X mappings: passed, no W+X pages found.
Oct  7 14:47:50 ubuntu kernel: [    1.415734] Run /init as init process
Oct  7 14:47:50 ubuntu kernel: [    1.415736]   with arguments:
Oct  7 14:47:50 ubuntu kernel: [    1.415737]     /init
Oct  7 14:47:50 ubuntu kernel: [    1.415737]     splash
Oct  7 14:47:50 ubuntu kernel: [    1.415738]   with environment:
Oct  7 14:47:50 ubuntu kernel: [    1.415739]     HOME=/
Oct  7 14:47:50 ubuntu kernel: [    1.415739]     TERM=linux
Oct  7 14:47:50 ubuntu kernel: [    1.415740]     BOOT_IMAGE=/boot/vmlinuz-5.15.0-48-generic
Oct  7 14:47:50 ubuntu kernel: [    1.424958] usb 1-1: new full-speed USB device number 2 using ohci-pci
Oct  7 14:47:50 ubuntu kernel: [    1.690849] e1000: Intel(R) PRO/1000 Network Driver
Oct  7 14:47:50 ubuntu kernel: [    1.690852] e1000: Copyright (c) 1999-2006 Intel Corporation.
Oct  7 14:47:50 ubuntu kernel: [    1.701728] piix4_smbus 0000:00:07.0: SMBus Host Controller at 0x4100, revision 0
Oct  7 14:47:50 ubuntu kernel: [    1.705965] ahci 0000:00:0d.0: version 3.0
Oct  7 14:47:50 ubuntu kernel: [    1.739700] ahci 0000:00:0d.0: SSS flag set, parallel bus scan disabled
Oct  7 14:47:50 ubuntu kernel: [    1.740607] ahci 0000:00:0d.0: AHCI 0001.0100 32 slots 1 ports 3 Gbps 0x1 impl SATA mode
Oct  7 14:47:50 ubuntu kernel: [    1.740610] ahci 0000:00:0d.0: flags: 64bit ncq stag only ccc 
Oct  7 14:47:50 ubuntu kernel: [    1.744540] ACPI: video: Video Device [GFX0] (multi-head: yes  rom: no  post: no)
Oct  7 14:47:50 ubuntu kernel: [    1.744607] input: Video Bus as /devices/LNXSYSTM:00/LNXSYBUS:00/PNP0A03:00/LNXVIDEO:00/input/input5
Oct  7 14:47:50 ubuntu kernel: [    1.767722] scsi host2: ahci
Oct  7 14:47:50 ubuntu kernel: [    1.768923] ata3: SATA max UDMA/133 abar m8192@0xf0806000 port 0xf0806100 irq 21
Oct  7 14:47:50 ubuntu kernel: [    1.817753] usb 1-1: New USB device found, idVendor=80ee, idProduct=0021, bcdDevice= 1.00
Oct  7 14:47:50 ubuntu kernel: [    1.817758] usb 1-1: New USB device strings: Mfr=1, Product=3, SerialNumber=0
Oct  7 14:47:50 ubuntu kernel: [    1.817759] usb 1-1: Product: USB Tablet
Oct  7 14:47:50 ubuntu kernel: [    1.817761] usb 1-1: Manufacturer: VirtualBox
Oct  7 14:47:50 ubuntu kernel: [    1.875312] hid: raw HID events driver (C) Jiri Kosina
Oct  7 14:47:50 ubuntu kernel: [    1.988249] input: ImExPS/2 Generic Explorer Mouse as /devices/platform/i8042/serio1/input/input4
Oct  7 14:47:50 ubuntu kernel: [    2.096287] ata3: SATA link up 3.0 Gbps (SStatus 123 SControl 300)
Oct  7 14:47:50 ubuntu kernel: [    2.097319] ata3.00: ATA-6: VBOX HARDDISK, 1.0, max UDMA/133
Oct  7 14:47:50 ubuntu kernel: [    2.097322] ata3.00: 27262976 sectors, multi 128: LBA48 NCQ (depth 32)
Oct  7 14:47:50 ubuntu kernel: [    2.107022] ata3.00: configured for UDMA/133
Oct  7 14:47:50 ubuntu kernel: [    2.107107] scsi 2:0:0:0: Direct-Access     ATA      VBOX HARDDISK    1.0  PQ: 0 ANSI: 5
Oct  7 14:47:50 ubuntu kernel: [    2.107334] sd 2:0:0:0: [sda] 27262976 512-byte logical blocks: (14.0 GB/13.0 GiB)
Oct  7 14:47:50 ubuntu kernel: [    2.107352] sd 2:0:0:0: [sda] Write Protect is off
Oct  7 14:47:50 ubuntu kernel: [    2.107354] sd 2:0:0:0: [sda] Mode Sense: 00 3a 00 00
Oct  7 14:47:50 ubuntu kernel: [    2.107361] sd 2:0:0:0: [sda] Write cache: enabled, read cache: enabled, doesn't support DPO or FUA
Oct  7 14:47:50 ubuntu kernel: [    2.107676] sd 2:0:0:0: Attached scsi generic sg1 type 0
Oct  7 14:47:50 ubuntu kernel: [    2.168870]  sda: sda1 sda2 sda3
Oct  7 14:47:50 ubuntu kernel: [    2.188150] sd 2:0:0:0: [sda] Attached SCSI disk
Oct  7 14:47:50 ubuntu kernel: [    2.220273] usbcore: registered new interface driver usbhid
Oct  7 14:47:50 ubuntu kernel: [    2.220275] usbhid: USB HID core driver
Oct  7 14:47:50 ubuntu kernel: [    2.231542] input: VirtualBox USB Tablet as /devices/pci0000:00/0000:00:06.0/usb1/1-1/1-1:1.0/0003:80EE:0021.0001/input/input6
Oct  7 14:47:50 ubuntu kernel: [    2.232343] hid-generic 0003:80EE:0021.0001: input,hidraw0: USB HID v1.10 Mouse [VirtualBox USB Tablet] on usb-0000:00:06.0-1/input0
Oct  7 14:47:50 ubuntu kernel: [    2.739346] e1000 0000:00:03.0 eth0: (PCI:33MHz:32-bit) 08:00:27:d0:83:b7
Oct  7 14:47:50 ubuntu kernel: [    2.739353] e1000 0000:00:03.0 eth0: Intel(R) PRO/1000 Network Connection
Oct  7 14:47:50 ubuntu kernel: [    2.741694] e1000 0000:00:03.0 enp0s3: renamed from eth0
Oct  7 14:47:50 ubuntu kernel: [    2.868130] EXT4-fs (sda3): mounted filesystem with ordered data mode. Opts: (null). Quota mode: none.
Oct  7 14:47:50 ubuntu kernel: [    3.138354] random: systemd: uninitialized urandom read (16 bytes read)
Oct  7 14:47:50 ubuntu kernel: [    3.625176] random: systemd: uninitialized urandom read (16 bytes read)
Oct  7 14:47:50 ubuntu kernel: [    3.627847] random: systemd: uninitialized urandom read (16 bytes read)
Oct  7 14:47:50 ubuntu kernel: [    3.836922] mtd device must be supplied (device name is empty)
Oct  7 14:47:50 ubuntu kernel: [    3.910013] EXT4-fs (sda3): re-mounted. Opts: errors=remount-ro. Quota mode: none.
Oct  7 14:47:50 ubuntu kernel: [    3.954203] lp: driver loaded but no devices found
Oct  7 14:47:50 ubuntu kernel: [    3.980983] Adding 1423356k swap on /swapfile.  Priority:-2 extents:5 across:1456124k FS
Oct  7 14:47:50 ubuntu kernel: [    3.983573] ppdev: user-space parallel port driver
Oct  7 14:47:50 ubuntu kernel: [    4.002750] IPMI message handler: version 39.2
Oct  7 14:47:50 ubuntu kernel: [    4.011494] ipmi device interface
Oct  7 14:47:50 ubuntu kernel: [    4.146472] random: systemd: uninitialized urandom read (16 bytes read)
Oct  7 14:47:50 ubuntu kernel: [    4.147983] random: systemd-journal: uninitialized urandom read (16 bytes read)
Oct  7 14:47:50 ubuntu kernel: [    4.205435] vmwgfx 0000:00:02.0: vgaarb: deactivate vga console
Oct  7 14:47:50 ubuntu kernel: [    4.210859] random: systemd: uninitialized urandom read (16 bytes read)
Oct  7 14:47:50 ubuntu kernel: [    4.221480] Console: switching to colour dummy device 80x25
Oct  7 14:47:50 ubuntu kernel: [    4.231095] [TTM] Zone  kernel: Available graphics memory: 2009226 KiB
Oct  7 14:47:50 ubuntu kernel: [    4.231297] vmwgfx 0000:00:02.0: [drm] FIFO at 0x00000000f0000000 size is 2048 kiB
Oct  7 14:47:50 ubuntu kernel: [    4.231322] vmwgfx 0000:00:02.0: [drm] VRAM at 0x00000000e0000000 size is 16384 kiB
Oct  7 14:47:50 ubuntu kernel: [    4.231510] vmwgfx 0000:00:02.0: [drm] Running on SVGA version 2.
Oct  7 14:47:50 ubuntu kernel: [    4.231553] vmwgfx 0000:00:02.0: [drm] DMA map mode: Caching DMA mappings.
Oct  7 14:47:50 ubuntu kernel: [    4.231907] vmwgfx 0000:00:02.0: [drm] Legacy memory limits: VRAM = 16384 kB, FIFO = 2048 kB, surface = 507904 kB
Oct  7 14:47:50 ubuntu kernel: [    4.231910] vmwgfx 0000:00:02.0: [drm] MOB limits: max mob size = 0 kB, max mob pages = 0
Oct  7 14:47:50 ubuntu kernel: [    4.231912] vmwgfx 0000:00:02.0: [drm] Capabilities: cursor, cursor bypass 2, alpha cursor, 3D, extended fifo, pitchlock, irq mask, gmr, traces, gmr2, screen object 2, 
Oct  7 14:47:50 ubuntu kernel: [    4.231913] vmwgfx 0000:00:02.0: [drm] Max GMR ids is 8192
Oct  7 14:47:50 ubuntu kernel: [    4.231914] vmwgfx 0000:00:02.0: [drm] Max number of GMR pages is 1048576
Oct  7 14:47:50 ubuntu kernel: [    4.231915] vmwgfx 0000:00:02.0: [drm] Maximum display memory size is 16384 kiB
Oct  7 14:47:50 ubuntu kernel: [    4.263130] vmwgfx 0000:00:02.0: [drm] Screen Object display unit initialized
Oct  7 14:47:50 ubuntu kernel: [    4.263801] vmwgfx 0000:00:02.0: [drm] Fifo max 0x00200000 min 0x00001000 cap 0x00000355
Oct  7 14:47:50 ubuntu kernel: [    4.263812] vmwgfx 0000:00:02.0: [drm] Available shader model: Legacy.
Oct  7 14:47:50 ubuntu kernel: [    4.263836] [drm:vmw_host_printf [vmwgfx]] *ERROR* Failed to send host log message.
Oct  7 14:47:50 ubuntu kernel: [    4.271282] fbcon: svgadrmfb (fb0) is primary device
Oct  7 14:47:50 ubuntu kernel: [    4.288232] loop0: detected capacity change from 0 to 820832
Oct  7 14:47:50 ubuntu kernel: [    4.303867] loop1: detected capacity change from 0 to 8
Oct  7 14:47:50 ubuntu kernel: [    4.307618] loop2: detected capacity change from 0 to 126896
Oct  7 14:47:50 ubuntu kernel: [    4.316989] loop3: detected capacity change from 0 to 93928
Oct  7 14:47:50 ubuntu kernel: [    4.319320] Console: switching to colour frame buffer device 100x37
Oct  7 14:47:50 ubuntu kernel: [    4.323086] [drm] Initialized vmwgfx 2.19.0 20210722 for 0000:00:02.0 on minor 0
Oct  7 14:47:50 ubuntu kernel: [    4.326728] loop4: detected capacity change from 0 to 334424
Oct  7 14:47:50 ubuntu kernel: [    4.333521] loop5: detected capacity change from 0 to 187776
Oct  7 14:47:50 ubuntu kernel: [    4.400065] loop6: detected capacity change from 0 to 96176
Oct  7 14:47:50 ubuntu kernel: [    4.416978] loop7: detected capacity change from 0 to 568
Oct  7 14:47:50 ubuntu kernel: [    5.365658] random: crng init done
Oct  7 14:47:50 ubuntu kernel: [    5.365661] random: 105 urandom warning(s) missed due to ratelimiting
Oct  7 14:47:50 ubuntu kernel: [    5.450439] vboxguest: host-version: 6.1.38r153438 0x8000000f
Oct  7 14:47:50 ubuntu kernel: [    5.519460] vbg_heartbeat_init: Setting up heartbeat to trigger every 2000 milliseconds
Oct  7 14:47:50 ubuntu kernel: [    5.519580] input: VirtualBox mouse integration as /devices/pci0000:00/0000:00:04.0/input/input7
Oct  7 14:47:50 ubuntu kernel: [    5.583592] vboxguest: misc device minor 123, IRQ 20, I/O port d040, MMIO at 0x00000000f0400000 (size 0x0000000000400000)
Oct  7 14:47:50 ubuntu kernel: [    5.713645] RAPL PMU: API unit is 2^-32 Joules, 0 fixed counters, 10737418240 ms ovfl timer
Oct  7 14:47:50 ubuntu kernel: [    6.933771] audit: type=1400 audit(1665150454.596:2): apparmor="STATUS" operation="profile_load" profile="unconfined" name="lsb_release" pid=405 comm="apparmor_parser"
Oct  7 14:47:50 ubuntu kernel: [    7.150543] audit: type=1400 audit(1665150454.812:3): apparmor="STATUS" operation="profile_load" profile="unconfined" name="nvidia_modprobe" pid=421 comm="apparmor_parser"
Oct  7 14:47:50 ubuntu kernel: [    7.157835] audit: type=1400 audit(1665150454.828:4): apparmor="STATUS" operation="profile_load" profile="unconfined" name="nvidia_modprobe//kmod" pid=421 comm="apparmor_parser"
Oct  7 14:47:50 ubuntu kernel: [    7.169540] snd_intel8x0 0000:00:05.0: allow list rate for 1028:0177 is 48000
Oct  7 14:47:50 ubuntu kernel: [    7.520766] mtd device must be supplied (device name is empty)
Oct  7 14:47:50 ubuntu kernel: [    7.637328] audit: type=1400 audit(1665150455.304:5): apparmor="STATUS" operation="profile_load" profile="unconfined" name="/usr/lib/NetworkManager/nm-dhcp-client.action" pid=435 comm="apparmor_parser"
Oct  7 14:47:50 ubuntu kernel: [    7.642254] audit: type=1400 audit(1665150455.312:6): apparmor="STATUS" operation="profile_load" profile="unconfined" name="/usr/lib/NetworkManager/nm-dhcp-helper" pid=435 comm="apparmor_parser"
Oct  7 14:47:50 ubuntu kernel: [    7.643610] audit: type=1400 audit(1665150455.312:7): apparmor="STATUS" operation="profile_load" profile="unconfined" name="/usr/lib/connman/scripts/dhclient-script" pid=435 comm="apparmor_parser"
Oct  7 14:47:50 ubuntu kernel: [    7.647697] audit: type=1400 audit(1665150455.316:8): apparmor="STATUS" operation="profile_load" profile="unconfined" name="/{,usr/}sbin/dhclient" pid=435 comm="apparmor_parser"
Oct  7 14:47:50 ubuntu kernel: [   10.876103] audit: type=1400 audit(1665150458.540:9): apparmor="STATUS" operation="profile_load" profile="unconfined" name="/usr/bin/evince" pid=469 comm="apparmor_parser"
Oct  7 14:47:50 ubuntu kernel: [   10.878283] audit: type=1400 audit(1665150458.540:10): apparmor="STATUS" operation="profile_load" profile="unconfined" name="/usr/bin/evince//sanitized_helper" pid=469 comm="apparmor_parser"
Oct  7 14:47:50 ubuntu kernel: [   10.894705] audit: type=1400 audit(1665150458.564:11): apparmor="STATUS" operation="profile_load" profile="unconfined" name="/usr/bin/evince-previewer" pid=469 comm="apparmor_parser"
Oct  7 14:47:50 ubuntu kernel: [   11.933255] kauditd_printk_skb: 10 callbacks suppressed
Oct  7 14:47:50 ubuntu kernel: [   11.933257] audit: type=1400 audit(1665150459.604:22): apparmor="STATUS" operation="profile_load" profile="unconfined" name="/usr/sbin/cupsd" pid=552 comm="apparmor_parser"
Oct  7 14:47:50 ubuntu kernel: [   11.934360] audit: type=1400 audit(1665150459.604:23): apparmor="STATUS" operation="profile_load" profile="unconfined" name="/usr/sbin/cupsd//third_party" pid=552 comm="apparmor_parser"
Oct  7 14:47:50 ubuntu kernel: [   12.445506] audit: type=1400 audit(1665150460.108:24): apparmor="STATUS" operation="profile_load" profile="unconfined" name="/snap/snapd/16292/usr/lib/snapd/snap-confine" pid=563 comm="apparmor_parser"
Oct  7 14:47:50 ubuntu kernel: [   12.446541] audit: type=1400 audit(1665150460.108:25): apparmor="STATUS" operation="profile_load" profile="unconfined" name="/snap/snapd/16292/usr/lib/snapd/snap-confine//mount-namespace-capture-helper" pid=563 comm="apparmor_parser"
Oct  7 14:47:50 ubuntu kernel: [   13.347859] audit: type=1400 audit(1665150461.012:26): apparmor="STATUS" operation="profile_load" profile="unconfined" name="snap-update-ns.firefox" pid=564 comm="apparmor_parser"
Oct  7 14:47:50 ubuntu kernel: [   14.314685] audit: type=1400 audit(1665150461.976:27): apparmor="STATUS" operation="profile_load" profile="unconfined" name="snap-update-ns.snap-store" pid=565 comm="apparmor_parser"
Oct  7 14:47:50 ubuntu kernel: [   15.501902] audit: type=1400 audit(1665150463.168:28): apparmor="STATUS" operation="profile_load" profile="unconfined" name="snap-update-ns.snapd-desktop-integration" pid=566 comm="apparmor_parser"
Oct  7 14:47:50 ubuntu kernel: [   17.213146] audit: type=1400 audit(1665150464.884:29): apparmor="STATUS" operation="profile_load" profile="unconfined" name="snap.firefox.firefox" pid=567 comm="apparmor_parser"
Oct  7 14:47:50 ubuntu kernel: [   19.014991] audit: type=1400 audit(1665150466.684:30): apparmor="STATUS" operation="profile_load" profile="unconfined" name="snap.firefox.geckodriver" pid=568 comm="apparmor_parser"
Oct  7 14:47:50 ubuntu kernel: [   19.234917] audit: type=1400 audit(1665150466.904:31): apparmor="STATUS" operation="profile_load" profile="unconfined" name="snap.firefox.hook.configure" pid=569 comm="apparmor_parser"
Oct  7 14:47:50 ubuntu kernel: [   19.485651] audit: type=1400 audit(1665150467.152:32): apparmor="STATUS" operation="profile_load" profile="unconfined" name="snap.snap-store.hook.configure" pid=570 comm="apparmor_parser"
Oct  7 14:47:50 ubuntu kernel: [   20.105221] audit: type=1400 audit(1665150467.776:33): apparmor="STATUS" operation="profile_load" profile="unconfined" name="snap.snap-store.snap-store" pid=571 comm="apparmor_parser"
Oct  7 14:47:50 ubuntu kernel: [   20.722807] audit: type=1400 audit(1665150468.388:34): apparmor="STATUS" operation="profile_load" profile="unconfined" name="snap.snap-store.ubuntu-software" pid=572 comm="apparmor_parser"
Oct  7 14:47:50 ubuntu kernel: [   21.349416] audit: type=1400 audit(1665150469.020:35): apparmor="STATUS" operation="profile_load" profile="unconfined" name="snap.snap-store.ubuntu-software-local-file" pid=573 comm="apparmor_parser"
Oct  7 14:47:50 ubuntu kernel: [   21.573804] audit: type=1400 audit(1665150469.244:36): apparmor="STATUS" operation="profile_load" profile="unconfined" name="snap.snapd-desktop-integration.hook.configure" pid=574 comm="apparmor_parser"
Oct  7 14:47:50 ubuntu kernel: [   22.187641] audit: type=1400 audit(1665150469.848:37): apparmor="STATUS" operation="profile_load" profile="unconfined" name="snap.snapd-desktop-integration.snapd-desktop-integration" pid=575 comm="apparmor_parser"
Oct  7 14:47:51 ubuntu kernel: [   24.027980] audit: type=1400 audit(1665150471.696:38): apparmor="DENIED" operation="capable" profile="/usr/sbin/cupsd" pid=677 comm="cupsd" capability=12  capname="net_admin"
Oct  7 14:47:52 ubuntu kernel: [   24.715993] e1000: enp0s3 NIC Link is Up 1000 Mbps Full Duplex, Flow Control: RX
Oct  7 14:47:52 ubuntu kernel: [   24.743472] IPv6: ADDRCONF(NETDEV_CHANGE): enp0s3: link becomes ready
Oct  7 14:47:52 ubuntu kernel: [   25.275391] audit: type=1400 audit(1665150472.940:39): apparmor="DENIED" operation="capable" profile="/usr/sbin/cups-browsed" pid=756 comm="cups-browsed" capability=23  capname="sys_nice"
Oct  7 14:47:53 ubuntu kernel: [   25.432672] loop8: detected capacity change from 0 to 8
Oct  7 14:48:00 ubuntu kernel: [   32.575832] audit: type=1400 audit(1665150480.244:40): apparmor="DENIED" operation="open" profile="snap-update-ns.firefox" name="/var/lib/" pid=986 comm="6" requested_mask="r" denied_mask="r" fsuid=0 ouid=0
Oct  7 14:48:00 ubuntu kernel: [   32.579744] audit: type=1400 audit(1665150480.244:41): apparmor="DENIED" operation="mkdir" profile="snap-update-ns.firefox" name="/usr/share/libreoffice/help/" pid=986 comm="6" requested_mask="c" denied_mask="c" fsuid=0 ouid=0
Oct  7 14:48:00 ubuntu kernel: [   32.580009] audit: type=1400 audit(1665150480.244:42): apparmor="DENIED" operation="open" profile="snap-update-ns.firefox" name="/var/lib/" pid=986 comm="6" requested_mask="r" denied_mask="r" fsuid=0 ouid=0
Oct  7 14:48:01 ubuntu kernel: [   33.926993] rfkill: input handler disabled
Oct  7 14:48:17 ubuntu kernel: [   46.405904] rfkill: input handler enabled
Oct  7 14:48:20 ubuntu kernel: [   49.650724] audit: type=1400 audit(1665150500.289:43): apparmor="DENIED" operation="capable" profile="/usr/lib/snapd/snap-confine" pid=1451 comm="snap-confine" capability=12  capname="net_admin"
Oct  7 14:48:20 ubuntu kernel: [   49.659280] audit: type=1400 audit(1665150500.297:44): apparmor="DENIED" operation="capable" profile="/usr/lib/snapd/snap-confine" pid=1451 comm="snap-confine" capability=38  capname="perfmon"
Oct  7 14:48:20 ubuntu kernel: [   49.694541] audit: type=1400 audit(1665150500.321:45): apparmor="DENIED" operation="capable" profile="/usr/lib/snapd/snap-confine" pid=1451 comm="snap-confine" capability=4  capname="fsetid"
Oct  7 14:48:24 ubuntu kernel: [   54.334522] rfkill: input handler disabled
Oct  7 14:48:26 ubuntu kernel: [   55.371869] audit: type=1326 audit(1665150506.009:46): auid=1000 uid=1000 gid=1000 ses=3 subj=? pid=1448 comm="snapd-desktop-i" exe="/snap/snapd-desktop-integration/14/bin/snapd-desktop-integration" sig=0 arch=c000003e syscall=314 compat=0 ip=0x7fbd24bd373d code=0x50000
Oct  7 14:50:58 ubuntu kernel: [  208.017363] Service: Display SVGA X11
Oct  7 14:50:58 ubuntu kernel: [  208.029859] Running service failed: VERR_NOT_AVAILABLE
Oct  7 14:50:58 ubuntu kernel: [  208.115109] 13:50:58.751665 main     VBoxService 6.1.38_Ubuntu r153438 (verbosity: 0) linux.amd64 (Sep  7 2022 11:18:57) release log
Oct  7 14:50:58 ubuntu kernel: [  208.115109] 13:50:
Oct  7 14:50:58 ubuntu kernel: [  208.122596] 13:50:58.760911 main     OS Product: Linux
Oct  7 14:50:58 ubuntu kernel: [  208.126310] 13:50:58.765051 main     OS Release: 5.15.0-48-generic
Oct  7 14:50:58 ubuntu kernel: [  208.131986] 13:50:58.770986 main     OS Version: #54-Ubuntu SMP Fri Aug 26 13:26:29 UTC 2022
Oct  7 14:50:58 ubuntu kernel: [  208.132750] 13:50:58.771593 main     Executable: /usr/sbin/VBoxService
Oct  7 14:50:58 ubuntu kernel: [  208.132750] 13:50:58.771595 main     Process ID: 2837
Oct  7 14:50:58 ubuntu kernel: [  208.132750] 13:50:58.771595 main     P
Oct  7 14:50:58 ubuntu kernel: [  208.153787] 13:50:58.792783 main     6.1.38_Ubuntu r153438 started. Verbose level = 0
Oct  7 14:50:58 ubuntu kernel: [  208.175330] 13:50:58.814329 main     vbglR3GuestCtrlDetectPeekGetCancelSupport: Supported (#1)
Oct  7 14:51:56 ubuntu kernel: [  266.143593] loop8: detected capacity change from 0 to 207864
Oct  7 14:51:57 ubuntu kernel: [  266.777213] audit: type=1400 audit(1665150717.406:47): apparmor="STATUS" operation="profile_load" profile="unconfined" name="snap-update-ns.thunderbird" pid=3113 comm="apparmor_parser"
Oct  7 14:51:57 ubuntu kernel: [  266.960031] audit: type=1400 audit(1665150717.594:48): apparmor="STATUS" operation="profile_load" profile="unconfined" name="snap.thunderbird.hook.configure" pid=3114 comm="apparmor_parser"
Oct  7 14:51:57 ubuntu kernel: [  267.097773] audit: type=1400 audit(1665150717.726:49): apparmor="STATUS" operation="profile_load" profile="unconfined" name="snap.thunderbird.thunderbird" pid=3115 comm="apparmor_parser"
Oct  7 14:52:01 ubuntu kernel: [  270.910066] audit: type=1400 audit(1665150721.542:50): apparmor="STATUS" operation="profile_replace" profile="unconfined" name="/snap/snapd/16292/usr/lib/snapd/snap-confine" pid=3250 comm="apparmor_parser"
Oct  7 14:52:01 ubuntu kernel: [  270.910811] audit: type=1400 audit(1665150721.542:51): apparmor="STATUS" operation="profile_replace" profile="unconfined" name="/snap/snapd/16292/usr/lib/snapd/snap-confine//mount-namespace-capture-helper" pid=3250 comm="apparmor_parser"
Oct  7 14:52:03 ubuntu kernel: [  272.697390] audit: type=1400 audit(1665150723.322:52): apparmor="STATUS" operation="profile_replace" profile="unconfined" name="snap-update-ns.thunderbird" pid=3252 comm="apparmor_parser"
Oct  7 14:52:03 ubuntu kernel: [  273.035623] audit: type=1400 audit(1665150723.666:53): apparmor="STATUS" operation="profile_replace" profile="unconfined" name="snap.thunderbird.hook.configure" pid=3254 comm="apparmor_parser"
Oct  7 14:52:04 ubuntu kernel: [  273.909828] audit: type=1400 audit(1665150724.542:54): apparmor="STATUS" operation="profile_replace" profile="unconfined" name="snap.thunderbird.thunderbird" pid=3255 comm="apparmor_parser"
Oct  7 14:52:19 ubuntu kernel: [  289.129143] audit: type=1326 audit(1665150739.758:55): auid=1000 uid=1000 gid=1000 ses=3 subj=? pid=3283 comm="thunderbird-bin" exe="/snap/thunderbird/259/thunderbird-bin" sig=0 arch=c000003e syscall=314 compat=0 ip=0x7f2ae29aa73d code=0x50000
Oct  7 14:57:34 ubuntu kernel: [    0.000000] Linux version 5.15.0-48-generic (buildd@lcy02-amd64-080) (gcc (Ubuntu 11.2.0-19ubuntu1) 11.2.0, GNU ld (GNU Binutils for Ubuntu) 2.38) #54-Ubuntu SMP Fri Aug 26 13:26:29 UTC 2022 (Ubuntu 5.15.0-48.54-generic 5.15.53)
Oct  7 14:57:34 ubuntu kernel: [    0.000000] Command line: BOOT_IMAGE=/boot/vmlinuz-5.15.0-48-generic root=UUID=d2908b80-1631-4e9a-a168-f39b717d0fad ro quiet splash
Oct  7 14:57:34 ubuntu kernel: [    0.000000] KERNEL supported cpus:
Oct  7 14:57:34 ubuntu kernel: [    0.000000]   Intel GenuineIntel
Oct  7 14:57:34 ubuntu kernel: [    0.000000]   AMD AuthenticAMD
Oct  7 14:57:34 ubuntu kernel: [    0.000000]   Hygon HygonGenuine
Oct  7 14:57:34 ubuntu kernel: [    0.000000]   Centaur CentaurHauls
Oct  7 14:57:34 ubuntu kernel: [    0.000000]   zhaoxin   Shanghai  
Oct  7 14:57:34 ubuntu kernel: [    0.000000] x86/fpu: x87 FPU will use FXSAVE
Oct  7 14:57:34 ubuntu kernel: [    0.000000] signal: max sigframe size: 1440
Oct  7 14:57:34 ubuntu kernel: [    0.000000] BIOS-provided physical RAM map:
Oct  7 14:57:34 ubuntu kernel: [    0.000000] BIOS-e820: [mem 0x0000000000000000-0x000000000009fbff] usable
Oct  7 14:57:34 ubuntu kernel: [    0.000000] BIOS-e820: [mem 0x000000000009fc00-0x000000000009ffff] reserved
Oct  7 14:57:34 ubuntu kernel: [    0.000000] BIOS-e820: [mem 0x00000000000f0000-0x00000000000fffff] reserved
Oct  7 14:57:34 ubuntu kernel: [    0.000000] BIOS-e820: [mem 0x0000000000100000-0x00000000dffeffff] usable
Oct  7 14:57:34 ubuntu kernel: [    0.000000] BIOS-e820: [mem 0x00000000dfff0000-0x00000000dfffffff] ACPI data
Oct  7 14:57:34 ubuntu kernel: [    0.000000] BIOS-e820: [mem 0x00000000fec00000-0x00000000fec00fff] reserved
Oct  7 14:57:34 ubuntu kernel: [    0.000000] BIOS-e820: [mem 0x00000000fee00000-0x00000000fee00fff] reserved
Oct  7 14:57:34 ubuntu kernel: [    0.000000] BIOS-e820: [mem 0x00000000fffc0000-0x00000000ffffffff] reserved
Oct  7 14:57:34 ubuntu kernel: [    0.000000] BIOS-e820: [mem 0x0000000100000000-0x000000011fffffff] usable
Oct  7 14:57:34 ubuntu kernel: [    0.000000] NX (Execute Disable) protection: active
Oct  7 14:57:34 ubuntu kernel: [    0.000000] SMBIOS 2.5 present.
Oct  7 14:57:34 ubuntu kernel: [    0.000000] DMI: innotek GmbH VirtualBox/VirtualBox, BIOS VirtualBox 12/01/2006
Oct  7 14:57:34 ubuntu kernel: [    0.000000] Hypervisor detected: KVM
Oct  7 14:57:34 ubuntu kernel: [    0.000000] kvm-clock: Using msrs 4b564d01 and 4b564d00
Oct  7 14:57:34 ubuntu kernel: [    0.000000] kvm-clock: cpu 0, msr c5a01001, primary cpu clock
Oct  7 14:57:34 ubuntu kernel: [    0.000002] kvm-clock: using sched offset of 1931210848333 cycles
Oct  7 14:57:34 ubuntu kernel: [    0.000005] clocksource: kvm-clock: mask: 0xffffffffffffffff max_cycles: 0x1cd42e4dffb, max_idle_ns: 881590591483 ns
Oct  7 14:57:34 ubuntu kernel: [    0.000008] tsc: Detected 3191.998 MHz processor
Oct  7 14:57:34 ubuntu kernel: [    0.002567] e820: update [mem 0x00000000-0x00000fff] usable ==> reserved
Oct  7 14:57:34 ubuntu kernel: [    0.002571] e820: remove [mem 0x000a0000-0x000fffff] usable
Oct  7 14:57:34 ubuntu kernel: [    0.002576] last_pfn = 0x120000 max_arch_pfn = 0x400000000
Oct  7 14:57:34 ubuntu kernel: [    0.002639] Disabled
Oct  7 14:57:34 ubuntu kernel: [    0.002641] x86/PAT: MTRRs disabled, skipping PAT initialization too.
Oct  7 14:57:34 ubuntu kernel: [    0.002646] CPU MTRRs all blank - virtualized system.
Oct  7 14:57:34 ubuntu kernel: [    0.002647] x86/PAT: Configuration [0-7]: WB  WT  UC- UC  WB  WT  UC- UC  
Oct  7 14:57:34 ubuntu kernel: [    0.002649] last_pfn = 0xdfff0 max_arch_pfn = 0x400000000
Oct  7 14:57:34 ubuntu kernel: [    0.002714] found SMP MP-table at [mem 0x0009fff0-0x0009ffff]
Oct  7 14:57:34 ubuntu kernel: [    0.002894] RAMDISK: [mem 0x3072f000-0x3438efff]
Oct  7 14:57:34 ubuntu kernel: [    0.002901] ACPI: Early table checksum verification disabled
Oct  7 14:57:34 ubuntu kernel: [    0.002904] ACPI: RSDP 0x00000000000E0000 000024 (v02 VBOX  )
Oct  7 14:57:34 ubuntu kernel: [    0.002909] ACPI: XSDT 0x00000000DFFF0030 00003C (v01 VBOX   VBOXXSDT 00000001 ASL  00000061)
Oct  7 14:57:34 ubuntu kernel: [    0.002915] ACPI: FACP 0x00000000DFFF00F0 0000F4 (v04 VBOX   VBOXFACP 00000001 ASL  00000061)
Oct  7 14:57:34 ubuntu kernel: [    0.002921] ACPI: DSDT 0x00000000DFFF0470 002325 (v02 VBOX   VBOXBIOS 00000002 INTL 20100528)
Oct  7 14:57:34 ubuntu kernel: [    0.002925] ACPI: FACS 0x00000000DFFF0200 000040
Oct  7 14:57:34 ubuntu kernel: [    0.002928] ACPI: FACS 0x00000000DFFF0200 000040
Oct  7 14:57:34 ubuntu kernel: [    0.002931] ACPI: APIC 0x00000000DFFF0240 000054 (v02 VBOX   VBOXAPIC 00000001 ASL  00000061)
Oct  7 14:57:34 ubuntu kernel: [    0.002935] ACPI: SSDT 0x00000000DFFF02A0 0001CC (v01 VBOX   VBOXCPUT 00000002 INTL 20100528)
Oct  7 14:57:34 ubuntu kernel: [    0.002938] ACPI: Reserving FACP table memory at [mem 0xdfff00f0-0xdfff01e3]
Oct  7 14:57:34 ubuntu kernel: [    0.002939] ACPI: Reserving DSDT table memory at [mem 0xdfff0470-0xdfff2794]
Oct  7 14:57:34 ubuntu kernel: [    0.002940] ACPI: Reserving FACS table memory at [mem 0xdfff0200-0xdfff023f]
Oct  7 14:57:34 ubuntu kernel: [    0.002941] ACPI: Reserving FACS table memory at [mem 0xdfff0200-0xdfff023f]
Oct  7 14:57:34 ubuntu kernel: [    0.002942] ACPI: Reserving APIC table memory at [mem 0xdfff0240-0xdfff0293]
Oct  7 14:57:34 ubuntu kernel: [    0.002942] ACPI: Reserving SSDT table memory at [mem 0xdfff02a0-0xdfff046b]
Oct  7 14:57:34 ubuntu kernel: [    0.004613] No NUMA configuration found
Oct  7 14:57:34 ubuntu kernel: [    0.004614] Faking a node at [mem 0x0000000000000000-0x000000011fffffff]
Oct  7 14:57:34 ubuntu kernel: [    0.004623] NODE_DATA(0) allocated [mem 0x11ffd2000-0x11fffbfff]
Oct  7 14:57:34 ubuntu kernel: [    0.005705] Zone ranges:
Oct  7 14:57:34 ubuntu kernel: [    0.005706]   DMA      [mem 0x0000000000001000-0x0000000000ffffff]
Oct  7 14:57:34 ubuntu kernel: [    0.005708]   DMA32    [mem 0x0000000001000000-0x00000000ffffffff]
Oct  7 14:57:34 ubuntu kernel: [    0.005710]   Normal   [mem 0x0000000100000000-0x000000011fffffff]
Oct  7 14:57:34 ubuntu kernel: [    0.005711]   Device   empty
Oct  7 14:57:34 ubuntu kernel: [    0.005712] Movable zone start for each node
Oct  7 14:57:34 ubuntu kernel: [    0.005714] Early memory node ranges
Oct  7 14:57:34 ubuntu kernel: [    0.005714]   node   0: [mem 0x0000000000001000-0x000000000009efff]
Oct  7 14:57:34 ubuntu kernel: [    0.005716]   node   0: [mem 0x0000000000100000-0x00000000dffeffff]
Oct  7 14:57:34 ubuntu kernel: [    0.005717]   node   0: [mem 0x0000000100000000-0x000000011fffffff]
Oct  7 14:57:34 ubuntu kernel: [    0.005718] Initmem setup node 0 [mem 0x0000000000001000-0x000000011fffffff]
Oct  7 14:57:34 ubuntu kernel: [    0.005767] On node 0, zone DMA: 1 pages in unavailable ranges
Oct  7 14:57:34 ubuntu kernel: [    0.006739] On node 0, zone DMA: 97 pages in unavailable ranges
Oct  7 14:57:34 ubuntu kernel: [    0.210444] On node 0, zone Normal: 16 pages in unavailable ranges
Oct  7 14:57:34 ubuntu kernel: [    0.213177] ACPI: PM-Timer IO Port: 0x4008
Oct  7 14:57:34 ubuntu kernel: [    0.213622] IOAPIC[0]: apic_id 1, version 32, address 0xfec00000, GSI 0-23
Oct  7 14:57:34 ubuntu kernel: [    0.213627] ACPI: INT_SRC_OVR (bus 0 bus_irq 0 global_irq 2 dfl dfl)
Oct  7 14:57:34 ubuntu kernel: [    0.213628] ACPI: INT_SRC_OVR (bus 0 bus_irq 9 global_irq 9 low level)
Oct  7 14:57:34 ubuntu kernel: [    0.213633] ACPI: Using ACPI (MADT) for SMP configuration information
Oct  7 14:57:34 ubuntu kernel: [    0.213674] smpboot: Allowing 1 CPUs, 0 hotplug CPUs
Oct  7 14:57:34 ubuntu kernel: [    0.213811] PM: hibernation: Registered nosave memory: [mem 0x00000000-0x00000fff]
Oct  7 14:57:34 ubuntu kernel: [    0.213814] PM: hibernation: Registered nosave memory: [mem 0x0009f000-0x0009ffff]
Oct  7 14:57:34 ubuntu kernel: [    0.213815] PM: hibernation: Registered nosave memory: [mem 0x000a0000-0x000effff]
Oct  7 14:57:34 ubuntu kernel: [    0.213815] PM: hibernation: Registered nosave memory: [mem 0x000f0000-0x000fffff]
Oct  7 14:57:34 ubuntu kernel: [    0.213816] PM: hibernation: Registered nosave memory: [mem 0xdfff0000-0xdfffffff]
Oct  7 14:57:34 ubuntu kernel: [    0.213817] PM: hibernation: Registered nosave memory: [mem 0xe0000000-0xfebfffff]
Oct  7 14:57:34 ubuntu kernel: [    0.213818] PM: hibernation: Registered nosave memory: [mem 0xfec00000-0xfec00fff]
Oct  7 14:57:34 ubuntu kernel: [    0.213819] PM: hibernation: Registered nosave memory: [mem 0xfec01000-0xfedfffff]
Oct  7 14:57:34 ubuntu kernel: [    0.213819] PM: hibernation: Registered nosave memory: [mem 0xfee00000-0xfee00fff]
Oct  7 14:57:34 ubuntu kernel: [    0.213820] PM: hibernation: Registered nosave memory: [mem 0xfee01000-0xfffbffff]
Oct  7 14:57:34 ubuntu kernel: [    0.213820] PM: hibernation: Registered nosave memory: [mem 0xfffc0000-0xffffffff]
Oct  7 14:57:34 ubuntu kernel: [    0.213822] [mem 0xe0000000-0xfebfffff] available for PCI devices
Oct  7 14:57:34 ubuntu kernel: [    0.213823] Booting paravirtualized kernel on KVM
Oct  7 14:57:34 ubuntu kernel: [    0.213825] clocksource: refined-jiffies: mask: 0xffffffff max_cycles: 0xffffffff, max_idle_ns: 7645519600211568 ns
Oct  7 14:57:34 ubuntu kernel: [    0.213831] setup_percpu: NR_CPUS:8192 nr_cpumask_bits:1 nr_cpu_ids:1 nr_node_ids:1
Oct  7 14:57:34 ubuntu kernel: [    0.221299] percpu: Embedded 60 pages/cpu s208896 r8192 d28672 u2097152
Oct  7 14:57:34 ubuntu kernel: [    0.221307] pcpu-alloc: s208896 r8192 d28672 u2097152 alloc=1*2097152
Oct  7 14:57:34 ubuntu kernel: [    0.221309] pcpu-alloc: [0] 0 
Oct  7 14:57:34 ubuntu kernel: [    0.221411] kvm-guest: PV spinlocks disabled, single CPU
Oct  7 14:57:34 ubuntu kernel: [    0.221420] Built 1 zonelists, mobility grouping on.  Total pages: 1031920
Oct  7 14:57:34 ubuntu kernel: [    0.221421] Policy zone: Normal
Oct  7 14:57:34 ubuntu kernel: [    0.221422] Kernel command line: BOOT_IMAGE=/boot/vmlinuz-5.15.0-48-generic root=UUID=d2908b80-1631-4e9a-a168-f39b717d0fad ro quiet splash
Oct  7 14:57:34 ubuntu kernel: [    0.221480] Unknown kernel command line parameters "splash BOOT_IMAGE=/boot/vmlinuz-5.15.0-48-generic", will be passed to user space.
Oct  7 14:57:34 ubuntu kernel: [    0.223477] Dentry cache hash table entries: 524288 (order: 10, 4194304 bytes, linear)
Oct  7 14:57:34 ubuntu kernel: [    0.230498] Inode-cache hash table entries: 262144 (order: 9, 2097152 bytes, linear)
Oct  7 14:57:34 ubuntu kernel: [    0.230537] mem auto-init: stack:off, heap alloc:on, heap free:off
Oct  7 14:57:34 ubuntu kernel: [    0.347905] Memory: 3947548K/4193848K available (16393K kernel code, 4377K rwdata, 10804K rodata, 3224K init, 6580K bss, 246040K reserved, 0K cma-reserved)
Oct  7 14:57:34 ubuntu kernel: [    0.348431] SLUB: HWalign=64, Order=0-3, MinObjects=0, CPUs=1, Nodes=1
Oct  7 14:57:34 ubuntu kernel: [    0.348503] Kernel/User page tables isolation: enabled
Oct  7 14:57:34 ubuntu kernel: [    0.348518] ftrace: allocating 50485 entries in 198 pages
Oct  7 14:57:34 ubuntu kernel: [    0.372217] ftrace: allocated 198 pages with 4 groups
Oct  7 14:57:34 ubuntu kernel: [    0.373532] rcu: Hierarchical RCU implementation.
Oct  7 14:57:34 ubuntu kernel: [    0.373534] rcu: 	RCU restricting CPUs from NR_CPUS=8192 to nr_cpu_ids=1.
Oct  7 14:57:34 ubuntu kernel: [    0.373535] 	Rude variant of Tasks RCU enabled.
Oct  7 14:57:34 ubuntu kernel: [    0.373536] 	Tracing variant of Tasks RCU enabled.
Oct  7 14:57:34 ubuntu kernel: [    0.373537] rcu: RCU calculated value of scheduler-enlistment delay is 25 jiffies.
Oct  7 14:57:34 ubuntu kernel: [    0.373538] rcu: Adjusting geometry for rcu_fanout_leaf=16, nr_cpu_ids=1
Oct  7 14:57:34 ubuntu kernel: [    0.379282] NR_IRQS: 524544, nr_irqs: 256, preallocated irqs: 16
Oct  7 14:57:34 ubuntu kernel: [    0.451757] Console: colour VGA+ 80x25
Oct  7 14:57:34 ubuntu kernel: [    0.451768] printk: console [tty0] enabled
Oct  7 14:57:34 ubuntu kernel: [    0.451821] ACPI: Core revision 20210730
Oct  7 14:57:34 ubuntu kernel: [    0.452113] APIC: Switch to symmetric I/O mode setup
Oct  7 14:57:34 ubuntu kernel: [    0.475228] ..TIMER: vector=0x30 apic1=0 pin1=2 apic2=-1 pin2=-1
Oct  7 14:57:34 ubuntu kernel: [    0.475622] clocksource: tsc-early: mask: 0xffffffffffffffff max_cycles: 0x2e02c314322, max_idle_ns: 440795292111 ns
Oct  7 14:57:34 ubuntu kernel: [    0.475630] Calibrating delay loop (skipped) preset value.. 6383.99 BogoMIPS (lpj=12767992)
Oct  7 14:57:34 ubuntu kernel: [    0.475633] pid_max: default: 32768 minimum: 301
Oct  7 14:57:34 ubuntu kernel: [    0.475679] LSM: Security Framework initializing
Oct  7 14:57:34 ubuntu kernel: [    0.475690] landlock: Up and running.
Oct  7 14:57:34 ubuntu kernel: [    0.475690] Yama: becoming mindful.
Oct  7 14:57:34 ubuntu kernel: [    0.475835] AppArmor: AppArmor initialized
Oct  7 14:57:34 ubuntu kernel: [    0.475882] Mount-cache hash table entries: 8192 (order: 4, 65536 bytes, linear)
Oct  7 14:57:34 ubuntu kernel: [    0.476117] Mountpoint-cache hash table entries: 8192 (order: 4, 65536 bytes, linear)
Oct  7 14:57:34 ubuntu kernel: [    0.481285] Last level iTLB entries: 4KB 128, 2MB 8, 4MB 8
Oct  7 14:57:34 ubuntu kernel: [    0.481287] Last level dTLB entries: 4KB 64, 2MB 0, 4MB 0, 1GB 4
Oct  7 14:57:34 ubuntu kernel: [    0.481291] Spectre V1 : Mitigation: usercopy/swapgs barriers and __user pointer sanitization
Oct  7 14:57:34 ubuntu kernel: [    0.481293] Spectre V2 : Mitigation: Retpolines
Oct  7 14:57:34 ubuntu kernel: [    0.481294] Spectre V2 : Spectre v2 / SpectreRSB mitigation: Filling RSB on context switch
Oct  7 14:57:34 ubuntu kernel: [    0.481294] RETBleed: WARNING: Spectre v2 mitigation leaves CPU vulnerable to RETBleed attacks, data leaks possible!
Oct  7 14:57:34 ubuntu kernel: [    0.483629] RETBleed: Vulnerable
Oct  7 14:57:34 ubuntu kernel: [    0.483630] Speculative Store Bypass: Vulnerable
Oct  7 14:57:34 ubuntu kernel: [    0.483636] MDS: Mitigation: Clear CPU buffers
Oct  7 14:57:34 ubuntu kernel: [    0.483636] MMIO Stale Data: Mitigation: Clear CPU buffers
Oct  7 14:57:34 ubuntu kernel: [    0.499627] Freeing SMP alternatives memory: 40K
Oct  7 14:57:34 ubuntu kernel: [    0.599627] smpboot: CPU0: Intel(R) Core(TM) i5-6500 CPU @ 3.20GHz (family: 0x6, model: 0x5e, stepping: 0x3)
Oct  7 14:57:34 ubuntu kernel: [    0.599627] Performance Events: unsupported p6 CPU model 94 no PMU driver, software events only.
Oct  7 14:57:34 ubuntu kernel: [    0.599627] rcu: Hierarchical SRCU implementation.
Oct  7 14:57:34 ubuntu kernel: [    0.599627] NMI watchdog: Perf NMI watchdog permanently disabled
Oct  7 14:57:34 ubuntu kernel: [    0.599627] smp: Bringing up secondary CPUs ...
Oct  7 14:57:34 ubuntu kernel: [    0.599627] smp: Brought up 1 node, 1 CPU
Oct  7 14:57:34 ubuntu kernel: [    0.599627] smpboot: Max logical packages: 1
Oct  7 14:57:34 ubuntu kernel: [    0.599627] smpboot: Total of 1 processors activated (6383.99 BogoMIPS)
Oct  7 14:57:34 ubuntu kernel: [    0.599627] devtmpfs: initialized
Oct  7 14:57:34 ubuntu kernel: [    0.599627] x86/mm: Memory block size: 128MB
Oct  7 14:57:34 ubuntu kernel: [    0.599627] clocksource: jiffies: mask: 0xffffffff max_cycles: 0xffffffff, max_idle_ns: 7645041785100000 ns
Oct  7 14:57:34 ubuntu kernel: [    0.599627] futex hash table entries: 256 (order: 2, 16384 bytes, linear)
Oct  7 14:57:34 ubuntu kernel: [    0.599627] pinctrl core: initialized pinctrl subsystem
Oct  7 14:57:34 ubuntu kernel: [    0.599630] PM: RTC time: 13:57:24, date: 2022-10-07
Oct  7 14:57:34 ubuntu kernel: [    0.600022] NET: Registered PF_NETLINK/PF_ROUTE protocol family
Oct  7 14:57:34 ubuntu kernel: [    0.602434] DMA: preallocated 512 KiB GFP_KERNEL pool for atomic allocations
Oct  7 14:57:34 ubuntu kernel: [    0.602493] DMA: preallocated 512 KiB GFP_KERNEL|GFP_DMA pool for atomic allocations
Oct  7 14:57:34 ubuntu kernel: [    0.602534] DMA: preallocated 512 KiB GFP_KERNEL|GFP_DMA32 pool for atomic allocations
Oct  7 14:57:34 ubuntu kernel: [    0.602546] audit: initializing netlink subsys (disabled)
Oct  7 14:57:34 ubuntu kernel: [    0.602983] thermal_sys: Registered thermal governor 'fair_share'
Oct  7 14:57:34 ubuntu kernel: [    0.602984] thermal_sys: Registered thermal governor 'bang_bang'
Oct  7 14:57:34 ubuntu kernel: [    0.602984] thermal_sys: Registered thermal governor 'step_wise'
Oct  7 14:57:34 ubuntu kernel: [    0.602985] thermal_sys: Registered thermal governor 'user_space'
Oct  7 14:57:34 ubuntu kernel: [    0.602985] thermal_sys: Registered thermal governor 'power_allocator'
Oct  7 14:57:34 ubuntu kernel: [    0.602990] EISA bus registered
Oct  7 14:57:34 ubuntu kernel: [    0.602992] cpuidle: using governor ladder
Oct  7 14:57:34 ubuntu kernel: [    0.602992] cpuidle: using governor menu
Oct  7 14:57:34 ubuntu kernel: [    0.603071] ACPI: bus type PCI registered
Oct  7 14:57:34 ubuntu kernel: [    0.603073] acpiphp: ACPI Hot Plug PCI Controller Driver version: 0.5
Oct  7 14:57:34 ubuntu kernel: [    0.603842] PCI: Using configuration type 1 for base access
Oct  7 14:57:34 ubuntu kernel: [    0.605872] Kprobes globally optimized
Oct  7 14:57:34 ubuntu kernel: [    0.605948] audit: type=2000 audit(1665152976.271:1): state=initialized audit_enabled=0 res=1
Oct  7 14:57:34 ubuntu kernel: [    0.606189] HugeTLB registered 2.00 MiB page size, pre-allocated 0 pages
Oct  7 14:57:34 ubuntu kernel: [    0.607627] ACPI: Added _OSI(Module Device)
Oct  7 14:57:34 ubuntu kernel: [    0.607627] ACPI: Added _OSI(Processor Device)
Oct  7 14:57:34 ubuntu kernel: [    0.607627] ACPI: Added _OSI(3.0 _SCP Extensions)
Oct  7 14:57:34 ubuntu kernel: [    0.607627] ACPI: Added _OSI(Processor Aggregator Device)
Oct  7 14:57:34 ubuntu kernel: [    0.607627] ACPI: Added _OSI(Linux-Dell-Video)
Oct  7 14:57:34 ubuntu kernel: [    0.607627] ACPI: Added _OSI(Linux-Lenovo-NV-HDMI-Audio)
Oct  7 14:57:34 ubuntu kernel: [    0.607627] ACPI: Added _OSI(Linux-HPI-Hybrid-Graphics)
Oct  7 14:57:34 ubuntu kernel: [    0.608235] ACPI: 2 ACPI AML tables successfully acquired and loaded
Oct  7 14:57:34 ubuntu kernel: [    0.614049] ACPI: Interpreter enabled
Oct  7 14:57:34 ubuntu kernel: [    0.614057] ACPI: PM: (supports S0 S5)
Oct  7 14:57:34 ubuntu kernel: [    0.614058] ACPI: Using IOAPIC for interrupt routing
Oct  7 14:57:34 ubuntu kernel: [    0.614570] PCI: Using host bridge windows from ACPI; if necessary, use "pci=nocrs" and report a bug
Oct  7 14:57:34 ubuntu kernel: [    0.614572] PCI: Using E820 reservations for host bridge windows
Oct  7 14:57:34 ubuntu kernel: [    0.614717] ACPI: Enabled 2 GPEs in block 00 to 07
Oct  7 14:57:34 ubuntu kernel: [    0.624885] ACPI: PCI Root Bridge [PCI0] (domain 0000 [bus 00-ff])
Oct  7 14:57:34 ubuntu kernel: [    0.624904] acpi PNP0A03:00: _OSC: OS supports [ASPM ClockPM Segments MSI EDR HPX-Type3]
Oct  7 14:57:34 ubuntu kernel: [    0.625901] acpi PNP0A03:00: _OSC: not requesting OS control; OS requires [ExtendedConfig ASPM ClockPM MSI]
Oct  7 14:57:34 ubuntu kernel: [    0.625908] acpi PNP0A03:00: fail to add MMCONFIG information, can't access extended PCI configuration space under this bridge.
Oct  7 14:57:34 ubuntu kernel: [    0.626725] PCI host bridge to bus 0000:00
Oct  7 14:57:34 ubuntu kernel: [    0.626728] pci_bus 0000:00: root bus resource [bus 00-ff]
Oct  7 14:57:34 ubuntu kernel: [    0.626729] pci_bus 0000:00: root bus resource [io  0x0000-0x0cf7 window]
Oct  7 14:57:34 ubuntu kernel: [    0.626731] pci_bus 0000:00: root bus resource [io  0x0d00-0xffff window]
Oct  7 14:57:34 ubuntu kernel: [    0.626732] pci_bus 0000:00: root bus resource [mem 0x000a0000-0x000bffff window]
Oct  7 14:57:34 ubuntu kernel: [    0.626733] pci_bus 0000:00: root bus resource [mem 0xe0000000-0xfdffffff window]
Oct  7 14:57:34 ubuntu kernel: [    0.627812] pci 0000:00:00.0: [8086:1237] type 00 class 0x060000
Oct  7 14:57:34 ubuntu kernel: [    0.636063] pci 0000:00:01.0: [8086:7000] type 00 class 0x060100
Oct  7 14:57:34 ubuntu kernel: [    0.639408] pci 0000:00:01.1: [8086:7111] type 00 class 0x01018a
Oct  7 14:57:34 ubuntu kernel: [    0.641147] pci 0000:00:01.1: reg 0x20: [io  0xd000-0xd00f]
Oct  7 14:57:34 ubuntu kernel: [    0.641874] pci 0000:00:01.1: legacy IDE quirk: reg 0x10: [io  0x01f0-0x01f7]
Oct  7 14:57:34 ubuntu kernel: [    0.641876] pci 0000:00:01.1: legacy IDE quirk: reg 0x14: [io  0x03f6]
Oct  7 14:57:34 ubuntu kernel: [    0.641877] pci 0000:00:01.1: legacy IDE quirk: reg 0x18: [io  0x0170-0x0177]
Oct  7 14:57:34 ubuntu kernel: [    0.641878] pci 0000:00:01.1: legacy IDE quirk: reg 0x1c: [io  0x0376]
Oct  7 14:57:34 ubuntu kernel: [    0.649272] pci 0000:00:02.0: [15ad:0405] type 00 class 0x030000
Oct  7 14:57:34 ubuntu kernel: [    0.650714] pci 0000:00:02.0: reg 0x10: [io  0xd010-0xd01f]
Oct  7 14:57:34 ubuntu kernel: [    0.651819] pci 0000:00:02.0: reg 0x14: [mem 0xe0000000-0xe0ffffff pref]
Oct  7 14:57:34 ubuntu kernel: [    0.652945] pci 0000:00:02.0: reg 0x18: [mem 0xf0000000-0xf01fffff]
Oct  7 14:57:34 ubuntu kernel: [    0.657211] pci 0000:00:02.0: Video device with shadowed ROM at [mem 0x000c0000-0x000dffff]
Oct  7 14:57:34 ubuntu kernel: [    0.665000] pci 0000:00:03.0: [8086:100e] type 00 class 0x020000
Oct  7 14:57:34 ubuntu kernel: [    0.665570] pci 0000:00:03.0: reg 0x10: [mem 0xf0200000-0xf021ffff]
Oct  7 14:57:34 ubuntu kernel: [    0.666242] pci 0000:00:03.0: reg 0x18: [io  0xd020-0xd027]
Oct  7 14:57:34 ubuntu kernel: [    0.674748] pci 0000:00:04.0: [80ee:cafe] type 00 class 0x088000
Oct  7 14:57:34 ubuntu kernel: [    0.675937] pci 0000:00:04.0: reg 0x10: [io  0xd040-0xd05f]
Oct  7 14:57:34 ubuntu kernel: [    0.676518] pci 0000:00:04.0: reg 0x14: [mem 0xf0400000-0xf07fffff]
Oct  7 14:57:34 ubuntu kernel: [    0.677095] pci 0000:00:04.0: reg 0x18: [mem 0xf0800000-0xf0803fff pref]
Oct  7 14:57:34 ubuntu kernel: [    0.685649] pci 0000:00:05.0: [8086:2415] type 00 class 0x040100
Oct  7 14:57:34 ubuntu kernel: [    0.686187] pci 0000:00:05.0: reg 0x10: [io  0xd100-0xd1ff]
Oct  7 14:57:34 ubuntu kernel: [    0.686523] pci 0000:00:05.0: reg 0x14: [io  0xd200-0xd23f]
Oct  7 14:57:34 ubuntu kernel: [    0.694295] pci 0000:00:06.0: [106b:003f] type 00 class 0x0c0310
Oct  7 14:57:34 ubuntu kernel: [    0.694887] pci 0000:00:06.0: reg 0x10: [mem 0xf0804000-0xf0804fff]
Oct  7 14:57:34 ubuntu kernel: [    0.703631] pci 0000:00:07.0: [8086:7113] type 00 class 0x068000
Oct  7 14:57:34 ubuntu kernel: [    0.705430] pci 0000:00:07.0: quirk: [io  0x4000-0x403f] claimed by PIIX4 ACPI
Oct  7 14:57:34 ubuntu kernel: [    0.705471] pci 0000:00:07.0: quirk: [io  0x4100-0x410f] claimed by PIIX4 SMB
Oct  7 14:57:34 ubuntu kernel: [    0.738571] pci 0000:00:0d.0: [8086:2829] type 00 class 0x010601
Oct  7 14:57:34 ubuntu kernel: [    0.739280] pci 0000:00:0d.0: reg 0x10: [io  0xd240-0xd247]
Oct  7 14:57:34 ubuntu kernel: [    0.739578] pci 0000:00:0d.0: reg 0x14: [io  0xd248-0xd24b]
Oct  7 14:57:34 ubuntu kernel: [    0.739827] pci 0000:00:0d.0: reg 0x18: [io  0xd250-0xd257]
Oct  7 14:57:34 ubuntu kernel: [    0.740122] pci 0000:00:0d.0: reg 0x1c: [io  0xd258-0xd25b]
Oct  7 14:57:34 ubuntu kernel: [    0.740417] pci 0000:00:0d.0: reg 0x20: [io  0xd260-0xd26f]
Oct  7 14:57:34 ubuntu kernel: [    0.740842] pci 0000:00:0d.0: reg 0x24: [mem 0xf0806000-0xf0807fff]
Oct  7 14:57:34 ubuntu kernel: [    0.849397] ACPI: PCI: Interrupt link LNKA configured for IRQ 11
Oct  7 14:57:34 ubuntu kernel: [    0.850059] ACPI: PCI: Interrupt link LNKB configured for IRQ 10
Oct  7 14:57:34 ubuntu kernel: [    0.850293] ACPI: PCI: Interrupt link LNKC configured for IRQ 9
Oct  7 14:57:34 ubuntu kernel: [    0.850526] ACPI: PCI: Interrupt link LNKD configured for IRQ 11
Oct  7 14:57:34 ubuntu kernel: [    0.850976] iommu: Default domain type: Translated 
Oct  7 14:57:34 ubuntu kernel: [    0.850978] iommu: DMA domain TLB invalidation policy: lazy mode 
Oct  7 14:57:34 ubuntu kernel: [    0.851314] SCSI subsystem initialized
Oct  7 14:57:34 ubuntu kernel: [    0.851420] libata version 3.00 loaded.
Oct  7 14:57:34 ubuntu kernel: [    0.851508] pci 0000:00:02.0: vgaarb: setting as boot VGA device
Oct  7 14:57:34 ubuntu kernel: [    0.851510] pci 0000:00:02.0: vgaarb: VGA device added: decodes=io+mem,owns=io+mem,locks=none
Oct  7 14:57:34 ubuntu kernel: [    0.851512] pci 0000:00:02.0: vgaarb: bridge control possible
Oct  7 14:57:34 ubuntu kernel: [    0.851513] vgaarb: loaded
Oct  7 14:57:34 ubuntu kernel: [    0.851565] ACPI: bus type USB registered
Oct  7 14:57:34 ubuntu kernel: [    0.851595] usbcore: registered new interface driver usbfs
Oct  7 14:57:34 ubuntu kernel: [    0.851602] usbcore: registered new interface driver hub
Oct  7 14:57:34 ubuntu kernel: [    0.851606] usbcore: registered new device driver usb
Oct  7 14:57:34 ubuntu kernel: [    0.851627] pps_core: LinuxPPS API ver. 1 registered
Oct  7 14:57:34 ubuntu kernel: [    0.851627] pps_core: Software ver. 5.3.6 - Copyright 2005-2007 Rodolfo Giometti <giometti@linux.it>
Oct  7 14:57:34 ubuntu kernel: [    0.851627] PTP clock support registered
Oct  7 14:57:34 ubuntu kernel: [    0.851627] EDAC MC: Ver: 3.0.0
Oct  7 14:57:34 ubuntu kernel: [    0.853050] NetLabel: Initializing
Oct  7 14:57:34 ubuntu kernel: [    0.853052] NetLabel:  domain hash size = 128
Oct  7 14:57:34 ubuntu kernel: [    0.853052] NetLabel:  protocols = UNLABELED CIPSOv4 CALIPSO
Oct  7 14:57:34 ubuntu kernel: [    0.853069] NetLabel:  unlabeled traffic allowed by default
Oct  7 14:57:34 ubuntu kernel: [    0.853114] PCI: Using ACPI for IRQ routing
Oct  7 14:57:34 ubuntu kernel: [    0.853115] PCI: pci_cache_line_size set to 64 bytes
Oct  7 14:57:34 ubuntu kernel: [    0.853936] e820: reserve RAM buffer [mem 0x0009fc00-0x0009ffff]
Oct  7 14:57:34 ubuntu kernel: [    0.853938] e820: reserve RAM buffer [mem 0xdfff0000-0xdfffffff]
Oct  7 14:57:34 ubuntu kernel: [    0.855425] clocksource: Switched to clocksource kvm-clock
Oct  7 14:57:34 ubuntu kernel: [    0.909280] VFS: Disk quotas dquot_6.6.0
Oct  7 14:57:34 ubuntu kernel: [    0.909280] VFS: Dquot-cache hash table entries: 512 (order 0, 4096 bytes)
Oct  7 14:57:34 ubuntu kernel: [    0.909280] AppArmor: AppArmor Filesystem Enabled
Oct  7 14:57:34 ubuntu kernel: [    0.909280] pnp: PnP ACPI init
Oct  7 14:57:34 ubuntu kernel: [    0.921304] pnp: PnP ACPI: found 2 devices
Oct  7 14:57:34 ubuntu kernel: [    0.929814] clocksource: acpi_pm: mask: 0xffffff max_cycles: 0xffffff, max_idle_ns: 2085701024 ns
Oct  7 14:57:34 ubuntu kernel: [    0.929894] NET: Registered PF_INET protocol family
Oct  7 14:57:34 ubuntu kernel: [    0.931795] IP idents hash table entries: 65536 (order: 7, 524288 bytes, linear)
Oct  7 14:57:34 ubuntu kernel: [    0.950188] tcp_listen_portaddr_hash hash table entries: 2048 (order: 3, 32768 bytes, linear)
Oct  7 14:57:34 ubuntu kernel: [    0.951095] Table-perturb hash table entries: 65536 (order: 6, 262144 bytes, linear)
Oct  7 14:57:34 ubuntu kernel: [    0.951829] TCP established hash table entries: 32768 (order: 6, 262144 bytes, linear)
Oct  7 14:57:34 ubuntu kernel: [    0.952224] TCP bind hash table entries: 32768 (order: 7, 524288 bytes, linear)
Oct  7 14:57:34 ubuntu kernel: [    0.952224] TCP: Hash tables configured (established 32768 bind 32768)
Oct  7 14:57:34 ubuntu kernel: [    0.952224] MPTCP token hash table entries: 4096 (order: 4, 98304 bytes, linear)
Oct  7 14:57:34 ubuntu kernel: [    0.952224] UDP hash table entries: 2048 (order: 4, 65536 bytes, linear)
Oct  7 14:57:34 ubuntu kernel: [    0.952224] UDP-Lite hash table entries: 2048 (order: 4, 65536 bytes, linear)
Oct  7 14:57:34 ubuntu kernel: [    0.952224] NET: Registered PF_UNIX/PF_LOCAL protocol family
Oct  7 14:57:34 ubuntu kernel: [    0.952224] NET: Registered PF_XDP protocol family
Oct  7 14:57:34 ubuntu kernel: [    0.952224] pci_bus 0000:00: resource 4 [io  0x0000-0x0cf7 window]
Oct  7 14:57:34 ubuntu kernel: [    0.952224] pci_bus 0000:00: resource 5 [io  0x0d00-0xffff window]
Oct  7 14:57:34 ubuntu kernel: [    0.952224] pci_bus 0000:00: resource 6 [mem 0x000a0000-0x000bffff window]
Oct  7 14:57:34 ubuntu kernel: [    0.952224] pci_bus 0000:00: resource 7 [mem 0xe0000000-0xfdffffff window]
Oct  7 14:57:34 ubuntu kernel: [    0.955397] pci 0000:00:00.0: Limiting direct PCI/PCI transfers
Oct  7 14:57:34 ubuntu kernel: [    0.955440] pci 0000:00:01.0: Activating ISA DMA hang workarounds
Oct  7 14:57:34 ubuntu kernel: [    0.958585] PCI: CLS 0 bytes, default 64
Oct  7 14:57:34 ubuntu kernel: [    0.958640] Trying to unpack rootfs image as initramfs...
Oct  7 14:57:34 ubuntu kernel: [    0.969777] PCI-DMA: Using software bounce buffering for IO (SWIOTLB)
Oct  7 14:57:34 ubuntu kernel: [    0.969780] software IO TLB: mapped [mem 0x00000000dbff0000-0x00000000dfff0000] (64MB)
Oct  7 14:57:34 ubuntu kernel: [    0.969939] clocksource: tsc: mask: 0xffffffffffffffff max_cycles: 0x2e02c314322, max_idle_ns: 440795292111 ns
Oct  7 14:57:34 ubuntu kernel: [    0.969965] clocksource: Switched to clocksource tsc
Oct  7 14:57:34 ubuntu kernel: [    0.969999] platform rtc_cmos: registered platform RTC device (no PNP device found)
Oct  7 14:57:34 ubuntu kernel: [    0.970835] Initialise system trusted keyrings
Oct  7 14:57:34 ubuntu kernel: [    0.970894] Key type blacklist registered
Oct  7 14:57:34 ubuntu kernel: [    0.971089] workingset: timestamp_bits=36 max_order=20 bucket_order=0
Oct  7 14:57:34 ubuntu kernel: [    0.973716] zbud: loaded
Oct  7 14:57:34 ubuntu kernel: [    0.973716] squashfs: version 4.0 (2009/01/31) Phillip Lougher
Oct  7 14:57:34 ubuntu kernel: [    0.973716] fuse: init (API version 7.34)
Oct  7 14:57:34 ubuntu kernel: [    0.973716] integrity: Platform Keyring initialized
Oct  7 14:57:34 ubuntu kernel: [    0.991341] Key type asymmetric registered
Oct  7 14:57:34 ubuntu kernel: [    0.991343] Asymmetric key parser 'x509' registered
Oct  7 14:57:34 ubuntu kernel: [    0.991364] Block layer SCSI generic (bsg) driver version 0.4 loaded (major 243)
Oct  7 14:57:34 ubuntu kernel: [    0.991459] io scheduler mq-deadline registered
Oct  7 14:57:34 ubuntu kernel: [    0.991810] shpchp: Standard Hot Plug PCI Controller Driver version: 0.4
Oct  7 14:57:34 ubuntu kernel: [    0.992342] ACPI: AC: AC Adapter [AC] (on-line)
Oct  7 14:57:34 ubuntu kernel: [    0.992400] input: Power Button as /devices/LNXSYSTM:00/LNXPWRBN:00/input/input0
Oct  7 14:57:34 ubuntu kernel: [    0.992444] ACPI: button: Power Button [PWRF]
Oct  7 14:57:34 ubuntu kernel: [    0.992633] input: Sleep Button as /devices/LNXSYSTM:00/LNXSLPBN:00/input/input1
Oct  7 14:57:34 ubuntu kernel: [    0.992684] ACPI: button: Sleep Button [SLPF]
Oct  7 14:57:34 ubuntu kernel: [    0.993228] Serial: 8250/16550 driver, 32 ports, IRQ sharing enabled
Oct  7 14:57:34 ubuntu kernel: [    0.996112] Linux agpgart interface v0.103
Oct  7 14:57:34 ubuntu kernel: [    1.005826] loop: module loaded
Oct  7 14:57:34 ubuntu kernel: [    1.013124] ata_piix 0000:00:01.1: version 2.13
Oct  7 14:57:34 ubuntu kernel: [    1.015269] scsi host0: ata_piix
Oct  7 14:57:34 ubuntu kernel: [    1.023852] scsi host1: ata_piix
Oct  7 14:57:34 ubuntu kernel: [    1.023944] ata1: PATA max UDMA/33 cmd 0x1f0 ctl 0x3f6 bmdma 0xd000 irq 14
Oct  7 14:57:34 ubuntu kernel: [    1.023946] ata2: PATA max UDMA/33 cmd 0x170 ctl 0x376 bmdma 0xd008 irq 15
Oct  7 14:57:34 ubuntu kernel: [    1.024157] tun: Universal TUN/TAP device driver, 1.6
Oct  7 14:57:34 ubuntu kernel: [    1.025497] PPP generic driver version 2.4.2
Oct  7 14:57:34 ubuntu kernel: [    1.025600] VFIO - User Level meta-driver version: 0.3
Oct  7 14:57:34 ubuntu kernel: [    1.026899] ehci_hcd: USB 2.0 'Enhanced' Host Controller (EHCI) Driver
Oct  7 14:57:34 ubuntu kernel: [    1.026937] ehci-pci: EHCI PCI platform driver
Oct  7 14:57:34 ubuntu kernel: [    1.026945] ehci-platform: EHCI generic platform driver
Oct  7 14:57:34 ubuntu kernel: [    1.026949] ohci_hcd: USB 1.1 'Open' Host Controller (OHCI) Driver
Oct  7 14:57:34 ubuntu kernel: [    1.026951] ohci-pci: OHCI PCI platform driver
Oct  7 14:57:34 ubuntu kernel: [    1.028755] ohci-pci 0000:00:06.0: OHCI PCI host controller
Oct  7 14:57:34 ubuntu kernel: [    1.028760] ohci-pci 0000:00:06.0: new USB bus registered, assigned bus number 1
Oct  7 14:57:34 ubuntu kernel: [    1.029348] ohci-pci 0000:00:06.0: irq 22, io mem 0xf0804000
Oct  7 14:57:34 ubuntu kernel: [    1.090689] usb usb1: New USB device found, idVendor=1d6b, idProduct=0001, bcdDevice= 5.15
Oct  7 14:57:34 ubuntu kernel: [    1.090694] usb usb1: New USB device strings: Mfr=3, Product=2, SerialNumber=1
Oct  7 14:57:34 ubuntu kernel: [    1.090710] usb usb1: Product: OHCI PCI host controller
Oct  7 14:57:34 ubuntu kernel: [    1.090711] usb usb1: Manufacturer: Linux 5.15.0-48-generic ohci_hcd
Oct  7 14:57:34 ubuntu kernel: [    1.090712] usb usb1: SerialNumber: 0000:00:06.0
Oct  7 14:57:34 ubuntu kernel: [    1.090887] hub 1-0:1.0: USB hub found
Oct  7 14:57:34 ubuntu kernel: [    1.090984] hub 1-0:1.0: 12 ports detected
Oct  7 14:57:34 ubuntu kernel: [    1.099884] ohci-platform: OHCI generic platform driver
Oct  7 14:57:34 ubuntu kernel: [    1.099917] uhci_hcd: USB Universal Host Controller Interface driver
Oct  7 14:57:34 ubuntu kernel: [    1.100096] i8042: PNP: PS/2 Controller [PNP0303:PS2K,PNP0f03:PS2M] at 0x60,0x64 irq 1,12
Oct  7 14:57:34 ubuntu kernel: [    1.104079] serio: i8042 KBD port at 0x60,0x64 irq 1
Oct  7 14:57:34 ubuntu kernel: [    1.104085] serio: i8042 AUX port at 0x60,0x64 irq 12
Oct  7 14:57:34 ubuntu kernel: [    1.104265] mousedev: PS/2 mouse device common for all mice
Oct  7 14:57:34 ubuntu kernel: [    1.106141] input: AT Translated Set 2 keyboard as /devices/platform/i8042/serio0/input/input2
Oct  7 14:57:34 ubuntu kernel: [    1.120353] rtc_cmos rtc_cmos: registered as rtc0
Oct  7 14:57:34 ubuntu kernel: [    1.120788] rtc_cmos rtc_cmos: setting system clock to 2022-10-07T13:57:25 UTC (1665151045)
Oct  7 14:57:34 ubuntu kernel: [    1.120823] rtc_cmos rtc_cmos: alarms up to one day, 114 bytes nvram
Oct  7 14:57:34 ubuntu kernel: [    1.120831] i2c_dev: i2c /dev entries driver
Oct  7 14:57:34 ubuntu kernel: [    1.120848] device-mapper: core: CONFIG_IMA_DISABLE_HTABLE is disabled. Duplicate IMA measurements will not be recorded in the IMA log.
Oct  7 14:57:34 ubuntu kernel: [    1.120963] device-mapper: uevent: version 1.0.3
Oct  7 14:57:34 ubuntu kernel: [    1.121071] device-mapper: ioctl: 4.45.0-ioctl (2021-03-22) initialised: dm-devel@redhat.com
Oct  7 14:57:34 ubuntu kernel: [    1.121088] platform eisa.0: Probing EISA bus 0
Oct  7 14:57:34 ubuntu kernel: [    1.121089] platform eisa.0: EISA: Cannot allocate resource for mainboard
Oct  7 14:57:34 ubuntu kernel: [    1.121090] platform eisa.0: Cannot allocate resource for EISA slot 1
Oct  7 14:57:34 ubuntu kernel: [    1.121091] platform eisa.0: Cannot allocate resource for EISA slot 2
Oct  7 14:57:34 ubuntu kernel: [    1.121092] platform eisa.0: Cannot allocate resource for EISA slot 3
Oct  7 14:57:34 ubuntu kernel: [    1.121093] platform eisa.0: Cannot allocate resource for EISA slot 4
Oct  7 14:57:34 ubuntu kernel: [    1.121094] platform eisa.0: Cannot allocate resource for EISA slot 5
Oct  7 14:57:34 ubuntu kernel: [    1.121094] platform eisa.0: Cannot allocate resource for EISA slot 6
Oct  7 14:57:34 ubuntu kernel: [    1.121095] platform eisa.0: Cannot allocate resource for EISA slot 7
Oct  7 14:57:34 ubuntu kernel: [    1.121096] platform eisa.0: Cannot allocate resource for EISA slot 8
Oct  7 14:57:34 ubuntu kernel: [    1.121097] platform eisa.0: EISA: Detected 0 cards
Oct  7 14:57:34 ubuntu kernel: [    1.121099] intel_pstate: CPU model not supported
Oct  7 14:57:34 ubuntu kernel: [    1.121106] ledtrig-cpu: registered to indicate activity on CPUs
Oct  7 14:57:34 ubuntu kernel: [    1.121293] intel_pmc_core intel_pmc_core.0:  initialized
Oct  7 14:57:34 ubuntu kernel: [    1.121381] drop_monitor: Initializing network drop monitor service
Oct  7 14:57:34 ubuntu kernel: [    1.121615] NET: Registered PF_INET6 protocol family
Oct  7 14:57:34 ubuntu kernel: [    1.220520] ata2.00: ATAPI: VBOX CD-ROM, 1.0, max UDMA/133
Oct  7 14:57:34 ubuntu kernel: [    1.228839] scsi 1:0:0:0: CD-ROM            VBOX     CD-ROM           1.0  PQ: 0 ANSI: 5
Oct  7 14:57:34 ubuntu kernel: [    1.262259] sr 1:0:0:0: [sr0] scsi3-mmc drive: 32x/32x xa/form2 tray
Oct  7 14:57:34 ubuntu kernel: [    1.262263] cdrom: Uniform CD-ROM driver Revision: 3.20
Oct  7 14:57:34 ubuntu kernel: [    1.305044] sr 1:0:0:0: Attached scsi CD-ROM sr0
Oct  7 14:57:34 ubuntu kernel: [    1.305409] sr 1:0:0:0: Attached scsi generic sg0 type 5
Oct  7 14:57:34 ubuntu kernel: [    1.328408] Freeing initrd memory: 61824K
Oct  7 14:57:34 ubuntu kernel: [    2.216583] Segment Routing with IPv6
Oct  7 14:57:34 ubuntu kernel: [    2.216598] In-situ OAM (IOAM) with IPv6
Oct  7 14:57:34 ubuntu kernel: [    2.216620] NET: Registered PF_PACKET protocol family
